-- The C compiler identification is GNU 13.3.0
-- The CXX compiler identification is GNU 13.3.0
-- Detecting C compiler ABI info
-- Detecting C compiler ABI info - done
-- Check for working C compiler: /usr/bin/cc - skipped
-- Detecting C compile features
-- Detecting C compile features - done
-- Detecting CXX compiler ABI info
-- Detecting CXX compiler ABI info - done
-- Check for working CXX compiler: /usr/bin/c++ - skipped
-- Detecting CXX compile features
-- Detecting CXX compile features - done
-- Found ament_cmake: 2.5.6 (/opt/ros/jazzy/share/ament_cmake/cmake)
-- Found Python3: /usr/bin/python3 (found version "3.12.3") found components: Interpreter 
-- Found rclcpp: 28.1.22 (/opt/ros/jazzy/share/rclcpp/cmake)
-- Found rosidl_generator_c: 4.6.9 (/opt/ros/jazzy/share/rosidl_generator_c/cmake)
-- Found rosidl_generator_cpp: 4.6.9 (/opt/ros/jazzy/share/rosidl_generator_cpp/cmake)
-- Using all available rosidl_typesupport_c: rosidl_typesupport_fastrtps_c;rosidl_typesupport_introspection_c
-- Using all available rosidl_typesupport_cpp: rosidl_typesupport_fastrtps_cpp;rosidl_typesupport_introspection_cpp
-- Found rmw_implementation_cmake: 7.3.3 (/opt/ros/jazzy/share/rmw_implementation_cmake/cmake)
-- Found rmw_fastrtps_cpp: 8.4.4 (/opt/ros/jazzy/share/rmw_fastrtps_cpp/cmake)
-- Found OpenSSL: /usr/lib/x86_64-linux-gnu/libcrypto.so (found version "3.0.13")  
-- Found FastRTPS: /opt/ros/jazzy/include (Required is at least version "2.13") 
-- Using RMW implementation 'rmw_fastrtps_cpp' as default
-- Found urdf: 2.10.1 (/opt/ros/jazzy/share/urdf/cmake)
-- Found xacro: 2.1.1 (/opt/ros/jazzy/share/xacro/cmake)
-- Found robot_state_publisher: 3.3.4 (/opt/ros/jazzy/share/robot_state_publisher/cmake)
-- Found rviz2: 14.1.23 (/opt/ros/jazzy/share/rviz2/cmake)
-- Found ament_lint_auto: 0.17.5 (/opt/ros/jazzy/share/ament_lint_auto/cmake)
-- Added test 'lint_cmake' to check CMake code style
-- Added test 'xmllint' to check XML markup files
-- Configuring done (1.1s)
-- Generating done (0.0s)
-- Build files have been written to: /home/alpha/DEV/Robot_Arm/build/arm_description
-- Install configuration: ""
-- Installing: /home/alpha/DEV/Robot_Arm/install/arm_description/share/ament_index/resource_index/package_run_dependencies/arm_description
-- Installing: /home/alpha/DEV/Robot_Arm/install/arm_description/share/ament_index/resource_index/parent_prefix_path/arm_description
-- Installing: /home/alpha/DEV/Robot_Arm/install/arm_description/share/arm_description/environment/ament_prefix_path.sh
-- Installing: /home/alpha/DEV/Robot_Arm/install/arm_description/share/arm_description/environment/ament_prefix_path.dsv
-- Installing: /home/alpha/DEV/Robot_Arm/install/arm_description/share/arm_description/environment/path.sh
-- Installing: /home/alpha/DEV/Robot_Arm/install/arm_description/share/arm_description/environment/path.dsv
-- Installing: /home/alpha/DEV/Robot_Arm/install/arm_description/share/arm_description/local_setup.bash
-- Installing: /home/alpha/DEV/Robot_Arm/install/arm_description/share/arm_description/local_setup.sh
-- Installing: /home/alpha/DEV/Robot_Arm/install/arm_description/share/arm_description/local_setup.zsh
-- Installing: /home/alpha/DEV/Robot_Arm/install/arm_description/share/arm_description/local_setup.dsv
-- Installing: /home/alpha/DEV/Robot_Arm/install/arm_description/share/arm_description/package.dsv
-- Installing: /home/alpha/DEV/Robot_Arm/install/arm_description/share/ament_index/resource_index/packages/arm_description
-- Installing: /home/alpha/DEV/Robot_Arm/install/arm_description/share/arm_description/cmake/arm_descriptionConfig.cmake
-- Installing: /home/alpha/DEV/Robot_Arm/install/arm_description/share/arm_description/cmake/arm_descriptionConfig-version.cmake
-- Installing: /home/alpha/DEV/Robot_Arm/install/arm_description/share/arm_description/package.xml
