[0.008s] Invoking command in '/home/alpha/DEV/Robot_Arm/build/arm_description': CMAKE_PREFIX_PATH=${CMAKE_PREFIX_PATH}:/opt/ros/jazzy DEBUGINFOD_URLS=https://debuginfod.ubuntu.com /usr/bin/cmake /home/alpha/DEV/Robot_Arm/src/arm_description -DCMAKE_INSTALL_PREFIX=/home/alpha/DEV/Robot_Arm/install/arm_description
[0.066s] -- The C compiler identification is GNU 13.3.0
[0.120s] -- The CXX compiler identification is GNU 13.3.0
[0.135s] -- Detecting C compiler ABI info
[0.212s] -- Detecting C compiler ABI info - done
[0.218s] -- Check for working C compiler: /usr/bin/cc - skipped
[0.219s] -- Detecting C compile features
[0.219s] -- Detecting C compile features - done
[0.227s] -- Detecting CXX compiler ABI info
[0.308s] -- Detecting CXX compiler ABI info - done
[0.315s] -- Check for working CXX compiler: /usr/bin/c++ - skipped
[0.315s] -- Detecting CXX compile features
[0.316s] -- Detecting CXX compile features - done
[0.318s] -- Found ament_cmake: 2.5.6 (/opt/ros/jazzy/share/ament_cmake/cmake)
[0.442s] -- Found Python3: /usr/bin/python3 (found version "3.12.3") found components: Interpreter 
[0.532s] -- Found rclcpp: 28.1.22 (/opt/ros/jazzy/share/rclcpp/cmake)
[0.569s] -- Found rosidl_generator_c: 4.6.9 (/opt/ros/jazzy/share/rosidl_generator_c/cmake)
[0.581s] -- Found rosidl_generator_cpp: 4.6.9 (/opt/ros/jazzy/share/rosidl_generator_cpp/cmake)
[0.594s] -- Using all available rosidl_typesupport_c: rosidl_typesupport_fastrtps_c;rosidl_typesupport_introspection_c
[0.609s] -- Using all available rosidl_typesupport_cpp: rosidl_typesupport_fastrtps_cpp;rosidl_typesupport_introspection_cpp
[0.672s] -- Found rmw_implementation_cmake: 7.3.3 (/opt/ros/jazzy/share/rmw_implementation_cmake/cmake)
[0.675s] -- Found rmw_fastrtps_cpp: 8.4.4 (/opt/ros/jazzy/share/rmw_fastrtps_cpp/cmake)
[0.753s] -- Found OpenSSL: /usr/lib/x86_64-linux-gnu/libcrypto.so (found version "3.0.13")  
[0.770s] -- Found FastRTPS: /opt/ros/jazzy/include (Required is at least version "2.13") 
[0.793s] -- Using RMW implementation 'rmw_fastrtps_cpp' as default
[0.861s] -- Found urdf: 2.10.1 (/opt/ros/jazzy/share/urdf/cmake)
[0.885s] -- Found xacro: 2.1.1 (/opt/ros/jazzy/share/xacro/cmake)
[0.888s] -- Found robot_state_publisher: 3.3.4 (/opt/ros/jazzy/share/robot_state_publisher/cmake)
[1.047s] -- Found rviz2: 14.1.23 (/opt/ros/jazzy/share/rviz2/cmake)
[1.049s] -- Found ament_lint_auto: 0.17.5 (/opt/ros/jazzy/share/ament_lint_auto/cmake)
[1.134s] -- Added test 'lint_cmake' to check CMake code style
[1.135s] -- Added test 'xmllint' to check XML markup files
[1.136s] -- Configuring done (1.1s)
[1.139s] -- Generating done (0.0s)
[1.141s] -- Build files have been written to: /home/alpha/DEV/Robot_Arm/build/arm_description
[1.150s] Invoked command in '/home/alpha/DEV/Robot_Arm/build/arm_description' returned '0': CMAKE_PREFIX_PATH=${CMAKE_PREFIX_PATH}:/opt/ros/jazzy DEBUGINFOD_URLS=https://debuginfod.ubuntu.com /usr/bin/cmake /home/alpha/DEV/Robot_Arm/src/arm_description -DCMAKE_INSTALL_PREFIX=/home/alpha/DEV/Robot_Arm/install/arm_description
[1.150s] Invoking command in '/home/alpha/DEV/Robot_Arm/build/arm_description': CMAKE_PREFIX_PATH=${CMAKE_PREFIX_PATH}:/opt/ros/jazzy DEBUGINFOD_URLS=https://debuginfod.ubuntu.com /usr/bin/cmake --build /home/alpha/DEV/Robot_Arm/build/arm_description
[1.188s] Invoked command in '/home/alpha/DEV/Robot_Arm/build/arm_description' returned '0': CMAKE_PREFIX_PATH=${CMAKE_PREFIX_PATH}:/opt/ros/jazzy DEBUGINFOD_URLS=https://debuginfod.ubuntu.com /usr/bin/cmake --build /home/alpha/DEV/Robot_Arm/build/arm_description
[1.195s] Invoking command in '/home/alpha/DEV/Robot_Arm/build/arm_description': CMAKE_PREFIX_PATH=${CMAKE_PREFIX_PATH}:/opt/ros/jazzy DEBUGINFOD_URLS=https://debuginfod.ubuntu.com /usr/bin/cmake --install /home/alpha/DEV/Robot_Arm/build/arm_description
[1.201s] -- Install configuration: ""
[1.201s] -- Installing: /home/alpha/DEV/Robot_Arm/install/arm_description/share/ament_index/resource_index/package_run_dependencies/arm_description
[1.201s] -- Installing: /home/alpha/DEV/Robot_Arm/install/arm_description/share/ament_index/resource_index/parent_prefix_path/arm_description
[1.202s] -- Installing: /home/alpha/DEV/Robot_Arm/install/arm_description/share/arm_description/environment/ament_prefix_path.sh
[1.202s] -- Installing: /home/alpha/DEV/Robot_Arm/install/arm_description/share/arm_description/environment/ament_prefix_path.dsv
[1.202s] -- Installing: /home/alpha/DEV/Robot_Arm/install/arm_description/share/arm_description/environment/path.sh
[1.202s] -- Installing: /home/alpha/DEV/Robot_Arm/install/arm_description/share/arm_description/environment/path.dsv
[1.202s] -- Installing: /home/alpha/DEV/Robot_Arm/install/arm_description/share/arm_description/local_setup.bash
[1.202s] -- Installing: /home/alpha/DEV/Robot_Arm/install/arm_description/share/arm_description/local_setup.sh
[1.202s] -- Installing: /home/alpha/DEV/Robot_Arm/install/arm_description/share/arm_description/local_setup.zsh
[1.202s] -- Installing: /home/alpha/DEV/Robot_Arm/install/arm_description/share/arm_description/local_setup.dsv
[1.202s] -- Installing: /home/alpha/DEV/Robot_Arm/install/arm_description/share/arm_description/package.dsv
[1.202s] -- Installing: /home/alpha/DEV/Robot_Arm/install/arm_description/share/ament_index/resource_index/packages/arm_description
[1.202s] -- Installing: /home/alpha/DEV/Robot_Arm/install/arm_description/share/arm_description/cmake/arm_descriptionConfig.cmake
[1.202s] -- Installing: /home/alpha/DEV/Robot_Arm/install/arm_description/share/arm_description/cmake/arm_descriptionConfig-version.cmake
[1.202s] -- Installing: /home/alpha/DEV/Robot_Arm/install/arm_description/share/arm_description/package.xml
[1.204s] Invoked command in '/home/alpha/DEV/Robot_Arm/build/arm_description' returned '0': CMAKE_PREFIX_PATH=${CMAKE_PREFIX_PATH}:/opt/ros/jazzy DEBUGINFOD_URLS=https://debuginfod.ubuntu.com /usr/bin/cmake --install /home/alpha/DEV/Robot_Arm/build/arm_description
