-- Install configuration: ""
-- Up-to-date: /home/alpha/DEV/Robot_Arm/install/arm_description/share/arm_description/launch
-- Installing: /home/alpha/DEV/Robot_Arm/install/arm_description/share/arm_description/launch/display.launch.py
-- Up-to-date: /home/alpha/DEV/Robot_Arm/install/arm_description/share/arm_description/urdf
-- Up-to-date: /home/alpha/DEV/Robot_Arm/install/arm_description/share/arm_description/urdf/uf850.urdf.xacro
-- Up-to-date: /home/alpha/DEV/Robot_Arm/install/arm_description/share/arm_description/meshes
-- Up-to-date: /home/alpha/DEV/Robot_Arm/install/arm_description/share/ament_index/resource_index/package_run_dependencies/arm_description
-- Up-to-date: /home/alpha/DEV/Robot_Arm/install/arm_description/share/ament_index/resource_index/parent_prefix_path/arm_description
-- Up-to-date: /home/alpha/DEV/Robot_Arm/install/arm_description/share/arm_description/environment/ament_prefix_path.sh
-- Up-to-date: /home/alpha/DEV/Robot_Arm/install/arm_description/share/arm_description/environment/ament_prefix_path.dsv
-- Up-to-date: /home/alpha/DEV/Robot_Arm/install/arm_description/share/arm_description/environment/path.sh
-- Up-to-date: /home/alpha/DEV/Robot_Arm/install/arm_description/share/arm_description/environment/path.dsv
-- Up-to-date: /home/alpha/DEV/Robot_Arm/install/arm_description/share/arm_description/local_setup.bash
-- Up-to-date: /home/alpha/DEV/Robot_Arm/install/arm_description/share/arm_description/local_setup.sh
-- Up-to-date: /home/alpha/DEV/Robot_Arm/install/arm_description/share/arm_description/local_setup.zsh
-- Up-to-date: /home/alpha/DEV/Robot_Arm/install/arm_description/share/arm_description/local_setup.dsv
-- Installing: /home/alpha/DEV/Robot_Arm/install/arm_description/share/arm_description/package.dsv
-- Up-to-date: /home/alpha/DEV/Robot_Arm/install/arm_description/share/ament_index/resource_index/packages/arm_description
-- Up-to-date: /home/alpha/DEV/Robot_Arm/install/arm_description/share/arm_description/cmake/arm_descriptionConfig.cmake
-- Up-to-date: /home/alpha/DEV/Robot_Arm/install/arm_description/share/arm_description/cmake/arm_descriptionConfig-version.cmake
-- Up-to-date: /home/alpha/DEV/Robot_Arm/install/arm_description/share/arm_description/package.xml
