[0.010s] Invoking command in '/home/alpha/DEV/Robot_Arm/build/arm_description': CMAKE_PREFIX_PATH=${CMAKE_PREFIX_PATH}:/home/alpha/DEV/Learn/ROS2/install/uf_ros_lib:/home/alpha/DEV/Learn/ROS2/install/jr_srvcli:/home/alpha/DEV/Learn/ROS2/install/jr_pubsub:/opt/ros/jazzy DEBUGINFOD_URLS=https://debuginfod.ubuntu.com /usr/bin/cmake --build /home/alpha/DEV/Robot_Arm/build/arm_description -- -j20 -l20
[0.061s] Invoked command in '/home/alpha/DEV/Robot_Arm/build/arm_description' returned '0': CMAKE_PREFIX_PATH=${CMAKE_PREFIX_PATH}:/home/alpha/DEV/Learn/ROS2/install/uf_ros_lib:/home/alpha/DEV/Learn/ROS2/install/jr_srvcli:/home/alpha/DEV/Learn/ROS2/install/jr_pubsub:/opt/ros/jazzy DEBUGINFOD_URLS=https://debuginfod.ubuntu.com /usr/bin/cmake --build /home/alpha/DEV/Robot_Arm/build/arm_description -- -j20 -l20
[0.075s] Invoking command in '/home/alpha/DEV/Robot_Arm/build/arm_description': CMAKE_PREFIX_PATH=${CMAKE_PREFIX_PATH}:/home/alpha/DEV/Learn/ROS2/install/uf_ros_lib:/home/alpha/DEV/Learn/ROS2/install/jr_srvcli:/home/alpha/DEV/Learn/ROS2/install/jr_pubsub:/opt/ros/jazzy DEBUGINFOD_URLS=https://debuginfod.ubuntu.com /usr/bin/cmake --install /home/alpha/DEV/Robot_Arm/build/arm_description
[0.086s] -- Install configuration: ""
[0.087s] -- Up-to-date: /home/alpha/DEV/Robot_Arm/install/arm_description/share/arm_description/launch
[0.087s] -- Installing: /home/alpha/DEV/Robot_Arm/install/arm_description/share/arm_description/launch/display.launch.py
[0.087s] -- Up-to-date: /home/alpha/DEV/Robot_Arm/install/arm_description/share/arm_description/urdf
[0.087s] -- Up-to-date: /home/alpha/DEV/Robot_Arm/install/arm_description/share/arm_description/urdf/uf850.urdf.xacro
[0.087s] -- Up-to-date: /home/alpha/DEV/Robot_Arm/install/arm_description/share/arm_description/meshes
[0.087s] -- Up-to-date: /home/alpha/DEV/Robot_Arm/install/arm_description/share/ament_index/resource_index/package_run_dependencies/arm_description
[0.087s] -- Up-to-date: /home/alpha/DEV/Robot_Arm/install/arm_description/share/ament_index/resource_index/parent_prefix_path/arm_description
[0.087s] -- Up-to-date: /home/alpha/DEV/Robot_Arm/install/arm_description/share/arm_description/environment/ament_prefix_path.sh
[0.087s] -- Up-to-date: /home/alpha/DEV/Robot_Arm/install/arm_description/share/arm_description/environment/ament_prefix_path.dsv
[0.088s] -- Up-to-date: /home/alpha/DEV/Robot_Arm/install/arm_description/share/arm_description/environment/path.sh
[0.088s] -- Up-to-date: /home/alpha/DEV/Robot_Arm/install/arm_description/share/arm_description/environment/path.dsv
[0.088s] -- Up-to-date: /home/alpha/DEV/Robot_Arm/install/arm_description/share/arm_description/local_setup.bash
[0.088s] -- Up-to-date: /home/alpha/DEV/Robot_Arm/install/arm_description/share/arm_description/local_setup.sh
[0.088s] -- Up-to-date: /home/alpha/DEV/Robot_Arm/install/arm_description/share/arm_description/local_setup.zsh
[0.088s] -- Up-to-date: /home/alpha/DEV/Robot_Arm/install/arm_description/share/arm_description/local_setup.dsv
[0.088s] -- Installing: /home/alpha/DEV/Robot_Arm/install/arm_description/share/arm_description/package.dsv
[0.088s] -- Up-to-date: /home/alpha/DEV/Robot_Arm/install/arm_description/share/ament_index/resource_index/packages/arm_description
[0.088s] -- Up-to-date: /home/alpha/DEV/Robot_Arm/install/arm_description/share/arm_description/cmake/arm_descriptionConfig.cmake
[0.089s] -- Up-to-date: /home/alpha/DEV/Robot_Arm/install/arm_description/share/arm_description/cmake/arm_descriptionConfig-version.cmake
[0.089s] -- Up-to-date: /home/alpha/DEV/Robot_Arm/install/arm_description/share/arm_description/package.xml
[0.089s] Invoked command in '/home/alpha/DEV/Robot_Arm/build/arm_description' returned '0': CMAKE_PREFIX_PATH=${CMAKE_PREFIX_PATH}:/home/alpha/DEV/Learn/ROS2/install/uf_ros_lib:/home/alpha/DEV/Learn/ROS2/install/jr_srvcli:/home/alpha/DEV/Learn/ROS2/install/jr_pubsub:/opt/ros/jazzy DEBUGINFOD_URLS=https://debuginfod.ubuntu.com /usr/bin/cmake --install /home/alpha/DEV/Robot_Arm/build/arm_description
