[0.008s] Invoking command in '/home/alpha/DEV/Robot_Arm/build/arm_description': CMAKE_PREFIX_PATH=${CMAKE_PREFIX_PATH}:/opt/ros/jazzy DEBUGINFOD_URLS=https://debuginfod.ubuntu.com /usr/bin/cmake /home/alpha/DEV/Robot_Arm/src/arm_description -DCMAKE_INSTALL_PREFIX=/home/alpha/DEV/Robot_Arm/install/arm_description
[0.020s] -- Found ament_cmake: 2.5.6 (/opt/ros/jazzy/share/ament_cmake/cmake)
[0.209s] -- Found rclcpp: 28.1.22 (/opt/ros/jazzy/share/rclcpp/cmake)
[0.231s] -- Found rosidl_generator_c: 4.6.9 (/opt/ros/jazzy/share/rosidl_generator_c/cmake)
[0.237s] -- Found rosidl_generator_cpp: 4.6.9 (/opt/ros/jazzy/share/rosidl_generator_cpp/cmake)
[0.245s] -- Using all available rosidl_typesupport_c: rosidl_typesupport_fastrtps_c;rosidl_typesupport_introspection_c
[0.254s] -- Using all available rosidl_typesupport_cpp: rosidl_typesupport_fastrtps_cpp;rosidl_typesupport_introspection_cpp
[0.298s] -- Found rmw_implementation_cmake: 7.3.3 (/opt/ros/jazzy/share/rmw_implementation_cmake/cmake)
[0.299s] -- Found rmw_fastrtps_cpp: 8.4.4 (/opt/ros/jazzy/share/rmw_fastrtps_cpp/cmake)
[0.353s] -- Using RMW implementation 'rmw_fastrtps_cpp' as default
[0.404s] -- Found urdf: 2.10.1 (/opt/ros/jazzy/share/urdf/cmake)
[0.411s] -- Found xacro: 2.1.1 (/opt/ros/jazzy/share/xacro/cmake)
[0.422s] -- Found robot_state_publisher: 3.3.4 (/opt/ros/jazzy/share/robot_state_publisher/cmake)
[0.607s] -- Found rviz2: 14.1.23 (/opt/ros/jazzy/share/rviz2/cmake)
[0.609s] -- Found ament_lint_auto: 0.17.5 (/opt/ros/jazzy/share/ament_lint_auto/cmake)
[0.697s] -- Added test 'lint_cmake' to check CMake code style
[0.698s] -- Added test 'xmllint' to check XML markup files
[0.700s] -- Configuring done (0.7s)
[0.703s] -- Generating done (0.0s)
[0.705s] -- Build files have been written to: /home/alpha/DEV/Robot_Arm/build/arm_description
[0.711s] Invoked command in '/home/alpha/DEV/Robot_Arm/build/arm_description' returned '0': CMAKE_PREFIX_PATH=${CMAKE_PREFIX_PATH}:/opt/ros/jazzy DEBUGINFOD_URLS=https://debuginfod.ubuntu.com /usr/bin/cmake /home/alpha/DEV/Robot_Arm/src/arm_description -DCMAKE_INSTALL_PREFIX=/home/alpha/DEV/Robot_Arm/install/arm_description
[0.712s] Invoking command in '/home/alpha/DEV/Robot_Arm/build/arm_description': CMAKE_PREFIX_PATH=${CMAKE_PREFIX_PATH}:/opt/ros/jazzy DEBUGINFOD_URLS=https://debuginfod.ubuntu.com /usr/bin/cmake --build /home/alpha/DEV/Robot_Arm/build/arm_description
[0.749s] Invoked command in '/home/alpha/DEV/Robot_Arm/build/arm_description' returned '0': CMAKE_PREFIX_PATH=${CMAKE_PREFIX_PATH}:/opt/ros/jazzy DEBUGINFOD_URLS=https://debuginfod.ubuntu.com /usr/bin/cmake --build /home/alpha/DEV/Robot_Arm/build/arm_description
[0.757s] Invoking command in '/home/alpha/DEV/Robot_Arm/build/arm_description': CMAKE_PREFIX_PATH=${CMAKE_PREFIX_PATH}:/opt/ros/jazzy DEBUGINFOD_URLS=https://debuginfod.ubuntu.com /usr/bin/cmake --install /home/alpha/DEV/Robot_Arm/build/arm_description
[0.763s] -- Install configuration: ""
[0.763s] -- Installing: /home/alpha/DEV/Robot_Arm/install/arm_description/share/ament_index/resource_index/package_run_dependencies/arm_description
[0.763s] -- Installing: /home/alpha/DEV/Robot_Arm/install/arm_description/share/ament_index/resource_index/parent_prefix_path/arm_description
[0.763s] -- Installing: /home/alpha/DEV/Robot_Arm/install/arm_description/share/arm_description/environment/ament_prefix_path.sh
[0.763s] -- Installing: /home/alpha/DEV/Robot_Arm/install/arm_description/share/arm_description/environment/ament_prefix_path.dsv
[0.763s] -- Installing: /home/alpha/DEV/Robot_Arm/install/arm_description/share/arm_description/environment/path.sh
[0.763s] -- Installing: /home/alpha/DEV/Robot_Arm/install/arm_description/share/arm_description/environment/path.dsv
[0.764s] -- Installing: /home/alpha/DEV/Robot_Arm/install/arm_description/share/arm_description/local_setup.bash
[0.764s] -- Installing: /home/alpha/DEV/Robot_Arm/install/arm_description/share/arm_description/local_setup.sh
[0.764s] -- Installing: /home/alpha/DEV/Robot_Arm/install/arm_description/share/arm_description/local_setup.zsh
[0.764s] -- Installing: /home/alpha/DEV/Robot_Arm/install/arm_description/share/arm_description/local_setup.dsv
[0.764s] -- Installing: /home/alpha/DEV/Robot_Arm/install/arm_description/share/arm_description/package.dsv
[0.764s] -- Installing: /home/alpha/DEV/Robot_Arm/install/arm_description/share/ament_index/resource_index/packages/arm_description
[0.764s] -- Installing: /home/alpha/DEV/Robot_Arm/install/arm_description/share/arm_description/cmake/arm_descriptionConfig.cmake
[0.764s] -- Installing: /home/alpha/DEV/Robot_Arm/install/arm_description/share/arm_description/cmake/arm_descriptionConfig-version.cmake
[0.764s] -- Installing: /home/alpha/DEV/Robot_Arm/install/arm_description/share/arm_description/package.xml
[0.765s] Invoked command in '/home/alpha/DEV/Robot_Arm/build/arm_description' returned '0': CMAKE_PREFIX_PATH=${CMAKE_PREFIX_PATH}:/opt/ros/jazzy DEBUGINFOD_URLS=https://debuginfod.ubuntu.com /usr/bin/cmake --install /home/alpha/DEV/Robot_Arm/build/arm_description
