[0.009s] Invoking command in '/home/alpha/DEV/Robot_Arm/build/arm_description': CMAKE_PREFIX_PATH=${CMAKE_PREFIX_PATH}:/opt/ros/jazzy DEBUGINFOD_URLS=https://debuginfod.ubuntu.com /usr/bin/cmake /home/alpha/DEV/Robot_Arm/src/arm_description -DCMAKE_INSTALL_PREFIX=/home/alpha/DEV/Robot_Arm/install/arm_description
[0.071s] -- The C compiler identification is GNU 13.3.0
[0.120s] -- The CXX compiler identification is GNU 13.3.0
[0.135s] -- Detecting C compiler ABI info
[0.214s] -- Detecting C compiler ABI info - done
[0.223s] -- Check for working C compiler: /usr/bin/cc - skipped
[0.223s] -- Detecting C compile features
[0.223s] -- Detecting C compile features - done
[0.232s] -- Detecting CXX compiler ABI info
[0.318s] -- Detecting CXX compiler ABI info - done
[0.327s] -- Check for working CXX compiler: /usr/bin/c++ - skipped
[0.327s] -- Detecting CXX compile features
[0.327s] -- Detecting CXX compile features - done
[0.331s] -- Found ament_cmake: 2.5.6 (/opt/ros/jazzy/share/ament_cmake/cmake)
[0.469s] -- Found Python3: /usr/bin/python3 (found version "3.12.3") found components: Interpreter 
[0.572s] -- Found rclcpp: 28.1.22 (/opt/ros/jazzy/share/rclcpp/cmake)
[0.615s] -- Found rosidl_generator_c: 4.6.9 (/opt/ros/jazzy/share/rosidl_generator_c/cmake)
[0.629s] -- Found rosidl_generator_cpp: 4.6.9 (/opt/ros/jazzy/share/rosidl_generator_cpp/cmake)
[0.645s] -- Using all available rosidl_typesupport_c: rosidl_typesupport_fastrtps_c;rosidl_typesupport_introspection_c
[0.663s] -- Using all available rosidl_typesupport_cpp: rosidl_typesupport_fastrtps_cpp;rosidl_typesupport_introspection_cpp
[0.737s] -- Found rmw_implementation_cmake: 7.3.3 (/opt/ros/jazzy/share/rmw_implementation_cmake/cmake)
[0.740s] -- Found rmw_fastrtps_cpp: 8.4.4 (/opt/ros/jazzy/share/rmw_fastrtps_cpp/cmake)
[0.817s] -- Found OpenSSL: /usr/lib/x86_64-linux-gnu/libcrypto.so (found version "3.0.13")  
[0.835s] -- Found FastRTPS: /opt/ros/jazzy/include (Required is at least version "2.13") 
[0.855s] -- Using RMW implementation 'rmw_fastrtps_cpp' as default
[0.928s] -- Found urdf: 2.10.1 (/opt/ros/jazzy/share/urdf/cmake)
[0.957s] -- Found xacro: 2.1.1 (/opt/ros/jazzy/share/xacro/cmake)
[0.966s] [31mCMake Error at CMakeLists.txt:13 (find_package):
[0.966s]   By not providing "Findjoint_state_publisher_gui.cmake" in CMAKE_MODULE_PATH
[0.966s]   this project has asked CMake to find a package configuration file provided
[0.966s]   by "joint_state_publisher_gui", but CMake did not find one.
[0.967s] 
[0.967s]   Could not find a package configuration file provided by
[0.967s]   "joint_state_publisher_gui" with any of the following names:
[0.967s] 
[0.967s]     joint_state_publisher_guiConfig.cmake
[0.967s]     joint_state_publisher_gui-config.cmake
[0.967s] 
[0.967s]   Add the installation prefix of "joint_state_publisher_gui" to
[0.967s]   CMAKE_PREFIX_PATH or set "joint_state_publisher_gui_DIR" to a directory
[0.967s]   containing one of the above files.  If "joint_state_publisher_gui" provides
[0.967s]   a separate development package or SDK, be sure it has been installed.
[0.967s] 
[0.967s] [0m
[0.967s] -- Configuring incomplete, errors occurred!
[0.973s] Invoked command in '/home/alpha/DEV/Robot_Arm/build/arm_description' returned '1': CMAKE_PREFIX_PATH=${CMAKE_PREFIX_PATH}:/opt/ros/jazzy DEBUGINFOD_URLS=https://debuginfod.ubuntu.com /usr/bin/cmake /home/alpha/DEV/Robot_Arm/src/arm_description -DCMAKE_INSTALL_PREFIX=/home/alpha/DEV/Robot_Arm/install/arm_description
