-- The C compiler identification is GNU 13.3.0
-- The CXX compiler identification is GNU 13.3.0
-- Detecting C compiler ABI info
-- Detecting C compiler ABI info - done
-- Check for working C compiler: /usr/bin/cc - skipped
-- Detecting C compile features
-- Detecting C compile features - done
-- Detecting CXX compiler ABI info
-- Detecting CXX compiler ABI info - done
-- Check for working CXX compiler: /usr/bin/c++ - skipped
-- Detecting CXX compile features
-- Detecting CXX compile features - done
-- Found ament_cmake: 2.5.6 (/opt/ros/jazzy/share/ament_cmake/cmake)
-- Found Python3: /usr/bin/python3 (found version "3.12.3") found components: Interpreter 
-- Found ament_lint_auto: 0.17.5 (/opt/ros/jazzy/share/ament_lint_auto/cmake)
-- Added test 'copyright' to check source files copyright and LICENSE
-- Added test 'flake8' to check Python code syntax and style conventions
-- Configured 'flake8' exclude dirs and/or files: 
-- Added test 'lint_cmake' to check CMake code style
-- Added test 'pep257' to check Python code against some of the docstring style conventions in PEP 257
-- Added test 'xmllint' to check XML markup files
-- Configuring done (0.7s)
-- Generating done (0.0s)
-- Build files have been written to: /home/alpha/DEV/Robot_Arm/build/arm_description
-- Install configuration: ""
-- Installing: /home/alpha/DEV/Robot_Arm/install/arm_description/share/arm_description//rviz
-- Installing: /home/alpha/DEV/Robot_Arm/install/arm_description/share/arm_description//rviz/display.rviz
-- Installing: /home/alpha/DEV/Robot_Arm/install/arm_description/share/arm_description//urdf
-- Installing: /home/alpha/DEV/Robot_Arm/install/arm_description/share/arm_description//urdf/xarm6
-- Installing: /home/alpha/DEV/Robot_Arm/install/arm_description/share/arm_description//urdf/xarm6/xarm6.gazebo.xacro
-- Installing: /home/alpha/DEV/Robot_Arm/install/arm_description/share/arm_description//urdf/xarm6/xarm6_robot_macro.xacro
-- Installing: /home/alpha/DEV/Robot_Arm/install/arm_description/share/arm_description//urdf/xarm6/xarm6.urdf.xacro
-- Installing: /home/alpha/DEV/Robot_Arm/install/arm_description/share/arm_description//urdf/xarm6/xarm6.ros2_control.xacro
-- Installing: /home/alpha/DEV/Robot_Arm/install/arm_description/share/arm_description//urdf/xarm6/xarm6.transmission.xacro
-- Installing: /home/alpha/DEV/Robot_Arm/install/arm_description/share/arm_description//urdf/gripper
-- Installing: /home/alpha/DEV/Robot_Arm/install/arm_description/share/arm_description//urdf/gripper/xarm_gripper.ros2_control.xacro
-- Installing: /home/alpha/DEV/Robot_Arm/install/arm_description/share/arm_description//urdf/gripper/uflite_gripper.gazebo.xacro
-- Installing: /home/alpha/DEV/Robot_Arm/install/arm_description/share/arm_description//urdf/gripper/gripper.urdf.xacro
-- Installing: /home/alpha/DEV/Robot_Arm/install/arm_description/share/arm_description//urdf/gripper/uflite_gripper.ros2_control.xacro
-- Installing: /home/alpha/DEV/Robot_Arm/install/arm_description/share/arm_description//urdf/gripper/bio_gripper.ros2_control.xacro
-- Installing: /home/alpha/DEV/Robot_Arm/install/arm_description/share/arm_description//urdf/gripper/xarm_gripper.transmission.xacro
-- Installing: /home/alpha/DEV/Robot_Arm/install/arm_description/share/arm_description//urdf/gripper/bio_gripper_macro.xacro
-- Installing: /home/alpha/DEV/Robot_Arm/install/arm_description/share/arm_description//urdf/gripper/uflite_gripper.transmission.xacro
-- Installing: /home/alpha/DEV/Robot_Arm/install/arm_description/share/arm_description//urdf/gripper/xarm_gripper.gazebo.xacro
-- Installing: /home/alpha/DEV/Robot_Arm/install/arm_description/share/arm_description//urdf/gripper/bio_gripper.transmission.xacro
-- Installing: /home/alpha/DEV/Robot_Arm/install/arm_description/share/arm_description//urdf/gripper/gripper_macro.xacro
-- Installing: /home/alpha/DEV/Robot_Arm/install/arm_description/share/arm_description//urdf/gripper/uflite_gripper_macro.xacro
-- Installing: /home/alpha/DEV/Robot_Arm/install/arm_description/share/arm_description//urdf/gripper/xarm_gripper_macro.xacro
-- Installing: /home/alpha/DEV/Robot_Arm/install/arm_description/share/arm_description//urdf/gripper/bio_gripper.gazebo.xacro
-- Installing: /home/alpha/DEV/Robot_Arm/install/arm_description/share/arm_description//urdf/gripper/uflite_gripper.urdf.xacro
-- Installing: /home/alpha/DEV/Robot_Arm/install/arm_description/share/arm_description//urdf/gripper/bio_gripper.urdf.xacro
-- Installing: /home/alpha/DEV/Robot_Arm/install/arm_description/share/arm_description//urdf/gripper/xarm_gripper.urdf.xacro
-- Installing: /home/alpha/DEV/Robot_Arm/install/arm_description/share/arm_description//urdf/lite6
-- Installing: /home/alpha/DEV/Robot_Arm/install/arm_description/share/arm_description//urdf/lite6/lite6.gazebo.xacro
-- Installing: /home/alpha/DEV/Robot_Arm/install/arm_description/share/arm_description//urdf/lite6/lite6_robot_macro.xacro
-- Installing: /home/alpha/DEV/Robot_Arm/install/arm_description/share/arm_description//urdf/lite6/lite6.urdf.xacro
-- Installing: /home/alpha/DEV/Robot_Arm/install/arm_description/share/arm_description//urdf/lite6/lite6.ros2_control.xacro
-- Installing: /home/alpha/DEV/Robot_Arm/install/arm_description/share/arm_description//urdf/lite6/lite6.transmission.xacro
-- Installing: /home/alpha/DEV/Robot_Arm/install/arm_description/share/arm_description//urdf/_private_macro.xacro
-- Installing: /home/alpha/DEV/Robot_Arm/install/arm_description/share/arm_description//urdf/dual_xarm_device.urdf.xacro
-- Installing: /home/alpha/DEV/Robot_Arm/install/arm_description/share/arm_description//urdf/xarm5
-- Installing: /home/alpha/DEV/Robot_Arm/install/arm_description/share/arm_description//urdf/xarm5/xarm5_robot_macro.xacro
-- Installing: /home/alpha/DEV/Robot_Arm/install/arm_description/share/arm_description//urdf/xarm5/xarm5.transmission.xacro
-- Installing: /home/alpha/DEV/Robot_Arm/install/arm_description/share/arm_description//urdf/xarm5/xarm5.urdf.xacro
-- Installing: /home/alpha/DEV/Robot_Arm/install/arm_description/share/arm_description//urdf/xarm5/xarm5.gazebo.xacro
-- Installing: /home/alpha/DEV/Robot_Arm/install/arm_description/share/arm_description//urdf/xarm5/xarm5.ros2_control.xacro
-- Installing: /home/alpha/DEV/Robot_Arm/install/arm_description/share/arm_description//urdf/xarm7
-- Installing: /home/alpha/DEV/Robot_Arm/install/arm_description/share/arm_description//urdf/xarm7/xarm7_robot_macro.xacro
-- Installing: /home/alpha/DEV/Robot_Arm/install/arm_description/share/arm_description//urdf/xarm7/xarm7.ros2_control.xacro
-- Installing: /home/alpha/DEV/Robot_Arm/install/arm_description/share/arm_description//urdf/xarm7/xarm7.transmission.xacro
-- Installing: /home/alpha/DEV/Robot_Arm/install/arm_description/share/arm_description//urdf/xarm7/xarm7.gazebo.xacro
-- Installing: /home/alpha/DEV/Robot_Arm/install/arm_description/share/arm_description//urdf/xarm7/xarm7.urdf.xacro
-- Installing: /home/alpha/DEV/Robot_Arm/install/arm_description/share/arm_description//urdf/xarm7_mirror
-- Installing: /home/alpha/DEV/Robot_Arm/install/arm_description/share/arm_description//urdf/xarm7_mirror/xarm7_mirror.urdf.xacro
-- Installing: /home/alpha/DEV/Robot_Arm/install/arm_description/share/arm_description//urdf/xarm7_mirror/xarm7_mirror_robot_macro.xacro
-- Installing: /home/alpha/DEV/Robot_Arm/install/arm_description/share/arm_description//urdf/xarm7_mirror/xarm7_mirror.gazebo.xacro
-- Installing: /home/alpha/DEV/Robot_Arm/install/arm_description/share/arm_description//urdf/xarm7_mirror/xarm7_mirror.transmission.xacro
-- Installing: /home/alpha/DEV/Robot_Arm/install/arm_description/share/arm_description//urdf/xarm7_mirror/xarm7_mirror.ros2_control.xacro
-- Installing: /home/alpha/DEV/Robot_Arm/install/arm_description/share/arm_description//urdf/camera
-- Installing: /home/alpha/DEV/Robot_Arm/install/arm_description/share/arm_description//urdf/camera/realsense.gazebo.xacro
-- Installing: /home/alpha/DEV/Robot_Arm/install/arm_description/share/arm_description//urdf/camera/realsense_d435i.urdf.xacro
-- Installing: /home/alpha/DEV/Robot_Arm/install/arm_description/share/arm_description//urdf/camera/camera.gazebo.xacro
-- Installing: /home/alpha/DEV/Robot_Arm/install/arm_description/share/arm_description//urdf/xarm_device_macro.xacro
-- Installing: /home/alpha/DEV/Robot_Arm/install/arm_description/share/arm_description//urdf/uf850
-- Installing: /home/alpha/DEV/Robot_Arm/install/arm_description/share/arm_description//urdf/uf850/uf850.ros2_control.xacro
-- Installing: /home/alpha/DEV/Robot_Arm/install/arm_description/share/arm_description//urdf/uf850/uf850.transmission.xacro
-- Installing: /home/alpha/DEV/Robot_Arm/install/arm_description/share/arm_description//urdf/uf850/uf850_robot_macro.xacro
-- Installing: /home/alpha/DEV/Robot_Arm/install/arm_description/share/arm_description//urdf/uf850/uf850.gazebo.xacro
-- Installing: /home/alpha/DEV/Robot_Arm/install/arm_description/share/arm_description//urdf/uf850/uf850.urdf.xacro
-- Installing: /home/alpha/DEV/Robot_Arm/install/arm_description/share/arm_description//urdf/vacuum_gripper
-- Installing: /home/alpha/DEV/Robot_Arm/install/arm_description/share/arm_description//urdf/vacuum_gripper/vacuum_gripper.urdf.xacro
-- Installing: /home/alpha/DEV/Robot_Arm/install/arm_description/share/arm_description//urdf/vacuum_gripper/lite_vacuum_gripper.urdf.xacro
-- Installing: /home/alpha/DEV/Robot_Arm/install/arm_description/share/arm_description//urdf/vacuum_gripper/vacuum_gripper_macro.xacro
-- Installing: /home/alpha/DEV/Robot_Arm/install/arm_description/share/arm_description//urdf/vacuum_gripper/xarm_vacuum_gripper.urdf.xacro
-- Installing: /home/alpha/DEV/Robot_Arm/install/arm_description/share/arm_description//urdf/other
-- Installing: /home/alpha/DEV/Robot_Arm/install/arm_description/share/arm_description//urdf/other/other_geometry.urdf.xacro
-- Installing: /home/alpha/DEV/Robot_Arm/install/arm_description/share/arm_description//urdf/common
-- Installing: /home/alpha/DEV/Robot_Arm/install/arm_description/share/arm_description//urdf/common/common.link.xacro
-- Installing: /home/alpha/DEV/Robot_Arm/install/arm_description/share/arm_description//urdf/common/common.material.xacro
-- Installing: /home/alpha/DEV/Robot_Arm/install/arm_description/share/arm_description//urdf/common/common.gazebo.xacro
-- Installing: /home/alpha/DEV/Robot_Arm/install/arm_description/share/arm_description//urdf/xarm_device.urdf.xacro
-- Installing: /home/alpha/DEV/Robot_Arm/install/arm_description/share/arm_description//config
-- Installing: /home/alpha/DEV/Robot_Arm/install/arm_description/share/arm_description//config/link_inertial
-- Installing: /home/alpha/DEV/Robot_Arm/install/arm_description/share/arm_description//config/link_inertial/xarm5_type5_HT_BR.yaml
-- Installing: /home/alpha/DEV/Robot_Arm/install/arm_description/share/arm_description//config/link_inertial/xarm7_type7_UJ_BR_2403.yaml
-- Installing: /home/alpha/DEV/Robot_Arm/install/arm_description/share/arm_description//config/link_inertial/xarm7_type7_HT_BR.yaml
-- Installing: /home/alpha/DEV/Robot_Arm/install/arm_description/share/arm_description//config/link_inertial/xarm7_type7_HT_BR2.yaml
-- Installing: /home/alpha/DEV/Robot_Arm/install/arm_description/share/arm_description//config/link_inertial/gen_link_inertial_params.py
-- Installing: /home/alpha/DEV/Robot_Arm/install/arm_description/share/arm_description//config/link_inertial/xarm6_type6_HT_BR.yaml
-- Installing: /home/alpha/DEV/Robot_Arm/install/arm_description/share/arm_description//config/link_inertial/xarm5_type5_HT_LD.yaml
-- Installing: /home/alpha/DEV/Robot_Arm/install/arm_description/share/arm_description//config/link_inertial/xarm7_type7_HT_LD.yaml
-- Installing: /home/alpha/DEV/Robot_Arm/install/arm_description/share/arm_description//config/link_inertial/xarm7_type13_HT_BR2.yaml
-- Installing: /home/alpha/DEV/Robot_Arm/install/arm_description/share/arm_description//config/link_inertial/xarm7_type3_YT_SP.yaml
-- Installing: /home/alpha/DEV/Robot_Arm/install/arm_description/share/arm_description//config/link_inertial/xarm6_type12_HT_LDBR2.yaml
-- Installing: /home/alpha/DEV/Robot_Arm/install/arm_description/share/arm_description//config/link_inertial/xarm5_type5_UJ_BR_2403.yaml
-- Installing: /home/alpha/DEV/Robot_Arm/install/arm_description/share/arm_description//config/link_inertial/xarm6_type9_HT_BR2.yaml
-- Installing: /home/alpha/DEV/Robot_Arm/install/arm_description/share/arm_description//config/link_inertial/xarm6_type6_HT_BR2.yaml
-- Installing: /home/alpha/DEV/Robot_Arm/install/arm_description/share/arm_description//config/link_inertial/xarm6_type6_UJ_BR_2403.yaml
-- Installing: /home/alpha/DEV/Robot_Arm/install/arm_description/share/arm_description//config/link_inertial/xarm6_type11_HT_LD.yaml
-- Installing: /home/alpha/DEV/Robot_Arm/install/arm_description/share/arm_description//config/link_inertial/xarm5_type5_HT_BR2.yaml
-- Installing: /home/alpha/DEV/Robot_Arm/install/arm_description/share/arm_description//config/link_inertial/xarm6_type8_HT2_BR2.yaml
-- Installing: /home/alpha/DEV/Robot_Arm/install/arm_description/share/arm_description//config/link_inertial/xarm6_type6_HT_LD.yaml
-- Installing: /home/alpha/DEV/Robot_Arm/install/arm_description/share/arm_description//config/link_inertial/xarm6_type6_HT2_LD.yaml
-- Installing: /home/alpha/DEV/Robot_Arm/install/arm_description/share/arm_description//config/kinematics
-- Installing: /home/alpha/DEV/Robot_Arm/install/arm_description/share/arm_description//config/kinematics/default
-- Installing: /home/alpha/DEV/Robot_Arm/install/arm_description/share/arm_description//config/kinematics/default/uf850_default_kinematics.yaml
-- Installing: /home/alpha/DEV/Robot_Arm/install/arm_description/share/arm_description//config/kinematics/default/xarm7_default_kinematics.yaml
-- Installing: /home/alpha/DEV/Robot_Arm/install/arm_description/share/arm_description//config/kinematics/default/lite6_default_kinematics.yaml
-- Installing: /home/alpha/DEV/Robot_Arm/install/arm_description/share/arm_description//config/kinematics/default/xarm5_default_kinematics.yaml
-- Installing: /home/alpha/DEV/Robot_Arm/install/arm_description/share/arm_description//config/kinematics/default/xarm6_default_kinematics.yaml
-- Installing: /home/alpha/DEV/Robot_Arm/install/arm_description/share/arm_description//config/kinematics/default/xarm7_mirror_default_kinematics.yaml
-- Installing: /home/alpha/DEV/Robot_Arm/install/arm_description/share/arm_description//config/kinematics/gen_kinematics_params.py
-- Installing: /home/alpha/DEV/Robot_Arm/install/arm_description/share/arm_description//meshes
-- Installing: /home/alpha/DEV/Robot_Arm/install/arm_description/share/arm_description//meshes/xarm6
-- Installing: /home/alpha/DEV/Robot_Arm/install/arm_description/share/arm_description//meshes/xarm6/visual
-- Installing: /home/alpha/DEV/Robot_Arm/install/arm_description/share/arm_description//meshes/xarm6/visual/link6.stl
-- Installing: /home/alpha/DEV/Robot_Arm/install/arm_description/share/arm_description//meshes/xarm6/visual/link_base.stl
-- Installing: /home/alpha/DEV/Robot_Arm/install/arm_description/share/arm_description//meshes/xarm6/visual/link_base_white.dae
-- Installing: /home/alpha/DEV/Robot_Arm/install/arm_description/share/arm_description//meshes/xarm6/visual/link2.stl
-- Installing: /home/alpha/DEV/Robot_Arm/install/arm_description/share/arm_description//meshes/xarm6/visual/link5.stl
-- Installing: /home/alpha/DEV/Robot_Arm/install/arm_description/share/arm_description//meshes/xarm6/visual/link3.stl
-- Installing: /home/alpha/DEV/Robot_Arm/install/arm_description/share/arm_description//meshes/xarm6/visual/link1.stl
-- Installing: /home/alpha/DEV/Robot_Arm/install/arm_description/share/arm_description//meshes/xarm6/visual/link4.stl
-- Installing: /home/alpha/DEV/Robot_Arm/install/arm_description/share/arm_description//meshes/gripper
-- Installing: /home/alpha/DEV/Robot_Arm/install/arm_description/share/arm_description//meshes/gripper/bio
-- Installing: /home/alpha/DEV/Robot_Arm/install/arm_description/share/arm_description//meshes/gripper/bio/right_finger_g2.dae
-- Installing: /home/alpha/DEV/Robot_Arm/install/arm_description/share/arm_description//meshes/gripper/bio/link_base_g2.dae
-- Installing: /home/alpha/DEV/Robot_Arm/install/arm_description/share/arm_description//meshes/gripper/bio/link_base.stl
-- Installing: /home/alpha/DEV/Robot_Arm/install/arm_description/share/arm_description//meshes/gripper/bio/right_finger.stl
-- Installing: /home/alpha/DEV/Robot_Arm/install/arm_description/share/arm_description//meshes/gripper/bio/left_finger.stl
-- Installing: /home/alpha/DEV/Robot_Arm/install/arm_description/share/arm_description//meshes/gripper/bio/link_base.dae
-- Installing: /home/alpha/DEV/Robot_Arm/install/arm_description/share/arm_description//meshes/gripper/bio/left_finger.dae
-- Installing: /home/alpha/DEV/Robot_Arm/install/arm_description/share/arm_description//meshes/gripper/bio/right_finger.dae
-- Installing: /home/alpha/DEV/Robot_Arm/install/arm_description/share/arm_description//meshes/gripper/bio/left_finger_g2.dae
-- Installing: /home/alpha/DEV/Robot_Arm/install/arm_description/share/arm_description//meshes/gripper/lite
-- Installing: /home/alpha/DEV/Robot_Arm/install/arm_description/share/arm_description//meshes/gripper/lite/visual
-- Installing: /home/alpha/DEV/Robot_Arm/install/arm_description/share/arm_description//meshes/gripper/lite/visual/shell.dae
-- Installing: /home/alpha/DEV/Robot_Arm/install/arm_description/share/arm_description//meshes/gripper/lite/visual/finger1.stl
-- Installing: /home/alpha/DEV/Robot_Arm/install/arm_description/share/arm_description//meshes/gripper/lite/visual/finger2.stl
-- Installing: /home/alpha/DEV/Robot_Arm/install/arm_description/share/arm_description//meshes/gripper/lite/visual/shell.stl
-- Installing: /home/alpha/DEV/Robot_Arm/install/arm_description/share/arm_description//meshes/gripper/lite/visual/finger2.dae
-- Installing: /home/alpha/DEV/Robot_Arm/install/arm_description/share/arm_description//meshes/gripper/lite/visual/gripper_lite.stl
-- Installing: /home/alpha/DEV/Robot_Arm/install/arm_description/share/arm_description//meshes/gripper/lite/visual/finger1.dae
-- Installing: /home/alpha/DEV/Robot_Arm/install/arm_description/share/arm_description//meshes/gripper/lite/collision
-- Installing: /home/alpha/DEV/Robot_Arm/install/arm_description/share/arm_description//meshes/gripper/lite/collision/gripper_lite.stl
-- Installing: /home/alpha/DEV/Robot_Arm/install/arm_description/share/arm_description//meshes/gripper/xarm
-- Installing: /home/alpha/DEV/Robot_Arm/install/arm_description/share/arm_description//meshes/gripper/xarm/right_finger_g2.dae
-- Installing: /home/alpha/DEV/Robot_Arm/install/arm_description/share/arm_description//meshes/gripper/xarm/right_inner_knuckle.dae
-- Installing: /home/alpha/DEV/Robot_Arm/install/arm_description/share/arm_description//meshes/gripper/xarm/right_inner_knuckle.stl
-- Installing: /home/alpha/DEV/Robot_Arm/install/arm_description/share/arm_description//meshes/gripper/xarm/right_finger.stl
-- Installing: /home/alpha/DEV/Robot_Arm/install/arm_description/share/arm_description//meshes/gripper/xarm/left_outer_knuckle.dae
-- Installing: /home/alpha/DEV/Robot_Arm/install/arm_description/share/arm_description//meshes/gripper/xarm/left_finger.stl
-- Installing: /home/alpha/DEV/Robot_Arm/install/arm_description/share/arm_description//meshes/gripper/xarm/left_finger.dae
-- Installing: /home/alpha/DEV/Robot_Arm/install/arm_description/share/arm_description//meshes/gripper/xarm/left_outer_knuckle_g2.dae
-- Installing: /home/alpha/DEV/Robot_Arm/install/arm_description/share/arm_description//meshes/gripper/xarm/right_outer_knuckle.dae
-- Installing: /home/alpha/DEV/Robot_Arm/install/arm_description/share/arm_description//meshes/gripper/xarm/left_inner_knuckle_g2.dae
-- Installing: /home/alpha/DEV/Robot_Arm/install/arm_description/share/arm_description//meshes/gripper/xarm/base_link_g2.dae
-- Installing: /home/alpha/DEV/Robot_Arm/install/arm_description/share/arm_description//meshes/gripper/xarm/left_outer_knuckle.stl
-- Installing: /home/alpha/DEV/Robot_Arm/install/arm_description/share/arm_description//meshes/gripper/xarm/base_link.stl
-- Installing: /home/alpha/DEV/Robot_Arm/install/arm_description/share/arm_description//meshes/gripper/xarm/left_inner_knuckle.stl
-- Installing: /home/alpha/DEV/Robot_Arm/install/arm_description/share/arm_description//meshes/gripper/xarm/right_finger.dae
-- Installing: /home/alpha/DEV/Robot_Arm/install/arm_description/share/arm_description//meshes/gripper/xarm/right_outer_knuckle_g2.dae
-- Installing: /home/alpha/DEV/Robot_Arm/install/arm_description/share/arm_description//meshes/gripper/xarm/right_inner_knuckle_g2.dae
-- Installing: /home/alpha/DEV/Robot_Arm/install/arm_description/share/arm_description//meshes/gripper/xarm/right_outer_knuckle.stl
-- Installing: /home/alpha/DEV/Robot_Arm/install/arm_description/share/arm_description//meshes/gripper/xarm/left_inner_knuckle.dae
-- Installing: /home/alpha/DEV/Robot_Arm/install/arm_description/share/arm_description//meshes/gripper/xarm/left_finger_g2.dae
-- Installing: /home/alpha/DEV/Robot_Arm/install/arm_description/share/arm_description//meshes/gripper/xarm/base_link.dae
-- Installing: /home/alpha/DEV/Robot_Arm/install/arm_description/share/arm_description//meshes/lite6
-- Installing: /home/alpha/DEV/Robot_Arm/install/arm_description/share/arm_description//meshes/lite6/visual
-- Installing: /home/alpha/DEV/Robot_Arm/install/arm_description/share/arm_description//meshes/lite6/visual/link6.dae
-- Installing: /home/alpha/DEV/Robot_Arm/install/arm_description/share/arm_description//meshes/lite6/visual/link6.stl
-- Installing: /home/alpha/DEV/Robot_Arm/install/arm_description/share/arm_description//meshes/lite6/visual/link_base.stl
-- Installing: /home/alpha/DEV/Robot_Arm/install/arm_description/share/arm_description//meshes/lite6/visual/link4.dae
-- Installing: /home/alpha/DEV/Robot_Arm/install/arm_description/share/arm_description//meshes/lite6/visual/link3.dae
-- Installing: /home/alpha/DEV/Robot_Arm/install/arm_description/share/arm_description//meshes/lite6/visual/link_base.dae
-- Installing: /home/alpha/DEV/Robot_Arm/install/arm_description/share/arm_description//meshes/lite6/visual/link2.stl
-- Installing: /home/alpha/DEV/Robot_Arm/install/arm_description/share/arm_description//meshes/lite6/visual/link5.stl
-- Installing: /home/alpha/DEV/Robot_Arm/install/arm_description/share/arm_description//meshes/lite6/visual/link3.stl
-- Installing: /home/alpha/DEV/Robot_Arm/install/arm_description/share/arm_description//meshes/lite6/visual/link5.dae
-- Installing: /home/alpha/DEV/Robot_Arm/install/arm_description/share/arm_description//meshes/lite6/visual/link1.stl
-- Installing: /home/alpha/DEV/Robot_Arm/install/arm_description/share/arm_description//meshes/lite6/visual/link4.stl
-- Installing: /home/alpha/DEV/Robot_Arm/install/arm_description/share/arm_description//meshes/lite6/visual/link1.dae
-- Installing: /home/alpha/DEV/Robot_Arm/install/arm_description/share/arm_description//meshes/lite6/visual/link2.dae
-- Installing: /home/alpha/DEV/Robot_Arm/install/arm_description/share/arm_description//meshes/lite6/collision
-- Installing: /home/alpha/DEV/Robot_Arm/install/arm_description/share/arm_description//meshes/lite6/collision/link6.stl
-- Installing: /home/alpha/DEV/Robot_Arm/install/arm_description/share/arm_description//meshes/lite6/collision/link_base.stl
-- Installing: /home/alpha/DEV/Robot_Arm/install/arm_description/share/arm_description//meshes/lite6/collision/link2.stl
-- Installing: /home/alpha/DEV/Robot_Arm/install/arm_description/share/arm_description//meshes/lite6/collision/link5.stl
-- Installing: /home/alpha/DEV/Robot_Arm/install/arm_description/share/arm_description//meshes/lite6/collision/link3.stl
-- Installing: /home/alpha/DEV/Robot_Arm/install/arm_description/share/arm_description//meshes/lite6/collision/link1.stl
-- Installing: /home/alpha/DEV/Robot_Arm/install/arm_description/share/arm_description//meshes/lite6/collision/link4.stl
-- Installing: /home/alpha/DEV/Robot_Arm/install/arm_description/share/arm_description//meshes/xarm5_1305
-- Installing: /home/alpha/DEV/Robot_Arm/install/arm_description/share/arm_description//meshes/xarm5_1305/visual
-- Installing: /home/alpha/DEV/Robot_Arm/install/arm_description/share/arm_description//meshes/xarm5_1305/visual/link_base.stl
-- Installing: /home/alpha/DEV/Robot_Arm/install/arm_description/share/arm_description//meshes/xarm5_1305/visual/link4.dae
-- Installing: /home/alpha/DEV/Robot_Arm/install/arm_description/share/arm_description//meshes/xarm5_1305/visual/link3.dae
-- Installing: /home/alpha/DEV/Robot_Arm/install/arm_description/share/arm_description//meshes/xarm5_1305/visual/link_base.dae
-- Installing: /home/alpha/DEV/Robot_Arm/install/arm_description/share/arm_description//meshes/xarm5_1305/visual/link2.stl
-- Installing: /home/alpha/DEV/Robot_Arm/install/arm_description/share/arm_description//meshes/xarm5_1305/visual/link5.stl
-- Installing: /home/alpha/DEV/Robot_Arm/install/arm_description/share/arm_description//meshes/xarm5_1305/visual/link3.stl
-- Installing: /home/alpha/DEV/Robot_Arm/install/arm_description/share/arm_description//meshes/xarm5_1305/visual/link5.dae
-- Installing: /home/alpha/DEV/Robot_Arm/install/arm_description/share/arm_description//meshes/xarm5_1305/visual/link1.stl
-- Installing: /home/alpha/DEV/Robot_Arm/install/arm_description/share/arm_description//meshes/xarm5_1305/visual/link4.stl
-- Installing: /home/alpha/DEV/Robot_Arm/install/arm_description/share/arm_description//meshes/xarm5_1305/visual/link1.dae
-- Installing: /home/alpha/DEV/Robot_Arm/install/arm_description/share/arm_description//meshes/xarm5_1305/visual/link2.dae
-- Installing: /home/alpha/DEV/Robot_Arm/install/arm_description/share/arm_description//meshes/xarm5_1305/collision
-- Installing: /home/alpha/DEV/Robot_Arm/install/arm_description/share/arm_description//meshes/xarm5_1305/collision/link5.obj
-- Installing: /home/alpha/DEV/Robot_Arm/install/arm_description/share/arm_description//meshes/xarm5_1305/collision/link1.obj
-- Installing: /home/alpha/DEV/Robot_Arm/install/arm_description/share/arm_description//meshes/xarm5_1305/collision/link2.obj
-- Installing: /home/alpha/DEV/Robot_Arm/install/arm_description/share/arm_description//meshes/xarm5_1305/collision/link3.obj
-- Installing: /home/alpha/DEV/Robot_Arm/install/arm_description/share/arm_description//meshes/xarm5_1305/collision/link_base.obj
-- Installing: /home/alpha/DEV/Robot_Arm/install/arm_description/share/arm_description//meshes/xarm5_1305/collision/link4.obj
-- Installing: /home/alpha/DEV/Robot_Arm/install/arm_description/share/arm_description//meshes/xarm5
-- Installing: /home/alpha/DEV/Robot_Arm/install/arm_description/share/arm_description//meshes/xarm5/visual
-- Installing: /home/alpha/DEV/Robot_Arm/install/arm_description/share/arm_description//meshes/xarm5/visual/link_base.stl
-- Installing: /home/alpha/DEV/Robot_Arm/install/arm_description/share/arm_description//meshes/xarm5/visual/link_base_white.dae
-- Installing: /home/alpha/DEV/Robot_Arm/install/arm_description/share/arm_description//meshes/xarm5/visual/link2.stl
-- Installing: /home/alpha/DEV/Robot_Arm/install/arm_description/share/arm_description//meshes/xarm5/visual/link5.stl
-- Installing: /home/alpha/DEV/Robot_Arm/install/arm_description/share/arm_description//meshes/xarm5/visual/link3.stl
-- Installing: /home/alpha/DEV/Robot_Arm/install/arm_description/share/arm_description//meshes/xarm5/visual/link1.stl
-- Installing: /home/alpha/DEV/Robot_Arm/install/arm_description/share/arm_description//meshes/xarm5/visual/link4.stl
-- Installing: /home/alpha/DEV/Robot_Arm/install/arm_description/share/arm_description//meshes/xarm7
-- Installing: /home/alpha/DEV/Robot_Arm/install/arm_description/share/arm_description//meshes/xarm7/visual
-- Installing: /home/alpha/DEV/Robot_Arm/install/arm_description/share/arm_description//meshes/xarm7/visual/link7.stl
-- Installing: /home/alpha/DEV/Robot_Arm/install/arm_description/share/arm_description//meshes/xarm7/visual/link6.stl
-- Installing: /home/alpha/DEV/Robot_Arm/install/arm_description/share/arm_description//meshes/xarm7/visual/link_base.stl
-- Installing: /home/alpha/DEV/Robot_Arm/install/arm_description/share/arm_description//meshes/xarm7/visual/link2.stl
-- Installing: /home/alpha/DEV/Robot_Arm/install/arm_description/share/arm_description//meshes/xarm7/visual/link5.stl
-- Installing: /home/alpha/DEV/Robot_Arm/install/arm_description/share/arm_description//meshes/xarm7/visual/link3.stl
-- Installing: /home/alpha/DEV/Robot_Arm/install/arm_description/share/arm_description//meshes/xarm7/visual/link1.stl
-- Installing: /home/alpha/DEV/Robot_Arm/install/arm_description/share/arm_description//meshes/xarm7/visual/link4.stl
-- Installing: /home/alpha/DEV/Robot_Arm/install/arm_description/share/arm_description//meshes/xarm7_mirror
-- Installing: /home/alpha/DEV/Robot_Arm/install/arm_description/share/arm_description//meshes/xarm7_mirror/visual
-- Installing: /home/alpha/DEV/Robot_Arm/install/arm_description/share/arm_description//meshes/xarm7_mirror/visual/link7.stl
-- Installing: /home/alpha/DEV/Robot_Arm/install/arm_description/share/arm_description//meshes/xarm7_mirror/visual/link6.stl
-- Installing: /home/alpha/DEV/Robot_Arm/install/arm_description/share/arm_description//meshes/xarm7_mirror/visual/link_base.stl
-- Installing: /home/alpha/DEV/Robot_Arm/install/arm_description/share/arm_description//meshes/xarm7_mirror/visual/link2.stl
-- Installing: /home/alpha/DEV/Robot_Arm/install/arm_description/share/arm_description//meshes/xarm7_mirror/visual/link5.stl
-- Installing: /home/alpha/DEV/Robot_Arm/install/arm_description/share/arm_description//meshes/xarm7_mirror/visual/link3.stl
-- Installing: /home/alpha/DEV/Robot_Arm/install/arm_description/share/arm_description//meshes/xarm7_mirror/visual/link1.stl
-- Installing: /home/alpha/DEV/Robot_Arm/install/arm_description/share/arm_description//meshes/xarm7_mirror/visual/link4.stl
-- Installing: /home/alpha/DEV/Robot_Arm/install/arm_description/share/arm_description//meshes/xarm7_mirror/collision
-- Installing: /home/alpha/DEV/Robot_Arm/install/arm_description/share/arm_description//meshes/xarm7_mirror/collision/link7.stl
-- Installing: /home/alpha/DEV/Robot_Arm/install/arm_description/share/arm_description//meshes/xarm7_mirror/collision/link6.stl
-- Installing: /home/alpha/DEV/Robot_Arm/install/arm_description/share/arm_description//meshes/xarm7_mirror/collision/link_base.stl
-- Installing: /home/alpha/DEV/Robot_Arm/install/arm_description/share/arm_description//meshes/xarm7_mirror/collision/link2.stl
-- Installing: /home/alpha/DEV/Robot_Arm/install/arm_description/share/arm_description//meshes/xarm7_mirror/collision/link5.stl
-- Installing: /home/alpha/DEV/Robot_Arm/install/arm_description/share/arm_description//meshes/xarm7_mirror/collision/link3.stl
-- Installing: /home/alpha/DEV/Robot_Arm/install/arm_description/share/arm_description//meshes/xarm7_mirror/collision/link1.stl
-- Installing: /home/alpha/DEV/Robot_Arm/install/arm_description/share/arm_description//meshes/xarm7_mirror/collision/link4.stl
-- Installing: /home/alpha/DEV/Robot_Arm/install/arm_description/share/arm_description//meshes/xarm6_1305
-- Installing: /home/alpha/DEV/Robot_Arm/install/arm_description/share/arm_description//meshes/xarm6_1305/visual
-- Installing: /home/alpha/DEV/Robot_Arm/install/arm_description/share/arm_description//meshes/xarm6_1305/visual/link6.dae
-- Installing: /home/alpha/DEV/Robot_Arm/install/arm_description/share/arm_description//meshes/xarm6_1305/visual/link6.stl
-- Installing: /home/alpha/DEV/Robot_Arm/install/arm_description/share/arm_description//meshes/xarm6_1305/visual/link_base.stl
-- Installing: /home/alpha/DEV/Robot_Arm/install/arm_description/share/arm_description//meshes/xarm6_1305/visual/link4.dae
-- Installing: /home/alpha/DEV/Robot_Arm/install/arm_description/share/arm_description//meshes/xarm6_1305/visual/link3.dae
-- Installing: /home/alpha/DEV/Robot_Arm/install/arm_description/share/arm_description//meshes/xarm6_1305/visual/link_base.dae
-- Installing: /home/alpha/DEV/Robot_Arm/install/arm_description/share/arm_description//meshes/xarm6_1305/visual/link2.stl
-- Installing: /home/alpha/DEV/Robot_Arm/install/arm_description/share/arm_description//meshes/xarm6_1305/visual/link5.stl
-- Installing: /home/alpha/DEV/Robot_Arm/install/arm_description/share/arm_description//meshes/xarm6_1305/visual/link3.stl
-- Installing: /home/alpha/DEV/Robot_Arm/install/arm_description/share/arm_description//meshes/xarm6_1305/visual/link5.dae
-- Installing: /home/alpha/DEV/Robot_Arm/install/arm_description/share/arm_description//meshes/xarm6_1305/visual/link1.stl
-- Installing: /home/alpha/DEV/Robot_Arm/install/arm_description/share/arm_description//meshes/xarm6_1305/visual/link4.stl
-- Installing: /home/alpha/DEV/Robot_Arm/install/arm_description/share/arm_description//meshes/xarm6_1305/visual/link1.dae
-- Installing: /home/alpha/DEV/Robot_Arm/install/arm_description/share/arm_description//meshes/xarm6_1305/visual/link2.dae
-- Installing: /home/alpha/DEV/Robot_Arm/install/arm_description/share/arm_description//meshes/xarm6_1305/collision
-- Installing: /home/alpha/DEV/Robot_Arm/install/arm_description/share/arm_description//meshes/xarm6_1305/collision/link5.obj
-- Installing: /home/alpha/DEV/Robot_Arm/install/arm_description/share/arm_description//meshes/xarm6_1305/collision/link6.obj
-- Installing: /home/alpha/DEV/Robot_Arm/install/arm_description/share/arm_description//meshes/xarm6_1305/collision/link1.obj
-- Installing: /home/alpha/DEV/Robot_Arm/install/arm_description/share/arm_description//meshes/xarm6_1305/collision/link2.obj
-- Installing: /home/alpha/DEV/Robot_Arm/install/arm_description/share/arm_description//meshes/xarm6_1305/collision/link3.obj
-- Installing: /home/alpha/DEV/Robot_Arm/install/arm_description/share/arm_description//meshes/xarm6_1305/collision/link_base.obj
-- Installing: /home/alpha/DEV/Robot_Arm/install/arm_description/share/arm_description//meshes/xarm6_1305/collision/link4.obj
-- Installing: /home/alpha/DEV/Robot_Arm/install/arm_description/share/arm_description//meshes/camera
-- Installing: /home/alpha/DEV/Robot_Arm/install/arm_description/share/arm_description//meshes/camera/realsense
-- Installing: /home/alpha/DEV/Robot_Arm/install/arm_description/share/arm_description//meshes/camera/realsense/visual
-- Installing: /home/alpha/DEV/Robot_Arm/install/arm_description/share/arm_description//meshes/camera/realsense/visual/d435_with_cam_stand.stl
-- Installing: /home/alpha/DEV/Robot_Arm/install/arm_description/share/arm_description//meshes/camera/realsense/collision
-- Installing: /home/alpha/DEV/Robot_Arm/install/arm_description/share/arm_description//meshes/camera/realsense/collision/d435_with_cam_stand.stl
-- Installing: /home/alpha/DEV/Robot_Arm/install/arm_description/share/arm_description//meshes/xarm7_1305
-- Installing: /home/alpha/DEV/Robot_Arm/install/arm_description/share/arm_description//meshes/xarm7_1305/visual
-- Installing: /home/alpha/DEV/Robot_Arm/install/arm_description/share/arm_description//meshes/xarm7_1305/visual/link6.dae
-- Installing: /home/alpha/DEV/Robot_Arm/install/arm_description/share/arm_description//meshes/xarm7_1305/visual/link7.stl
-- Installing: /home/alpha/DEV/Robot_Arm/install/arm_description/share/arm_description//meshes/xarm7_1305/visual/link6.stl
-- Installing: /home/alpha/DEV/Robot_Arm/install/arm_description/share/arm_description//meshes/xarm7_1305/visual/link_base.stl
-- Installing: /home/alpha/DEV/Robot_Arm/install/arm_description/share/arm_description//meshes/xarm7_1305/visual/link4.dae
-- Installing: /home/alpha/DEV/Robot_Arm/install/arm_description/share/arm_description//meshes/xarm7_1305/visual/link3.dae
-- Installing: /home/alpha/DEV/Robot_Arm/install/arm_description/share/arm_description//meshes/xarm7_1305/visual/link_base.dae
-- Installing: /home/alpha/DEV/Robot_Arm/install/arm_description/share/arm_description//meshes/xarm7_1305/visual/link2.stl
-- Installing: /home/alpha/DEV/Robot_Arm/install/arm_description/share/arm_description//meshes/xarm7_1305/visual/link5.stl
-- Installing: /home/alpha/DEV/Robot_Arm/install/arm_description/share/arm_description//meshes/xarm7_1305/visual/link3.stl
-- Installing: /home/alpha/DEV/Robot_Arm/install/arm_description/share/arm_description//meshes/xarm7_1305/visual/link5.dae
-- Installing: /home/alpha/DEV/Robot_Arm/install/arm_description/share/arm_description//meshes/xarm7_1305/visual/link7.dae
-- Installing: /home/alpha/DEV/Robot_Arm/install/arm_description/share/arm_description//meshes/xarm7_1305/visual/link1.stl
-- Installing: /home/alpha/DEV/Robot_Arm/install/arm_description/share/arm_description//meshes/xarm7_1305/visual/link4.stl
-- Installing: /home/alpha/DEV/Robot_Arm/install/arm_description/share/arm_description//meshes/xarm7_1305/visual/link1.dae
-- Installing: /home/alpha/DEV/Robot_Arm/install/arm_description/share/arm_description//meshes/xarm7_1305/visual/link2.dae
-- Installing: /home/alpha/DEV/Robot_Arm/install/arm_description/share/arm_description//meshes/xarm7_1305/collision
-- Installing: /home/alpha/DEV/Robot_Arm/install/arm_description/share/arm_description//meshes/xarm7_1305/collision/link5.obj
-- Installing: /home/alpha/DEV/Robot_Arm/install/arm_description/share/arm_description//meshes/xarm7_1305/collision/link6.obj
-- Installing: /home/alpha/DEV/Robot_Arm/install/arm_description/share/arm_description//meshes/xarm7_1305/collision/link1.obj
-- Installing: /home/alpha/DEV/Robot_Arm/install/arm_description/share/arm_description//meshes/xarm7_1305/collision/link2.obj
-- Installing: /home/alpha/DEV/Robot_Arm/install/arm_description/share/arm_description//meshes/xarm7_1305/collision/link7.obj
-- Installing: /home/alpha/DEV/Robot_Arm/install/arm_description/share/arm_description//meshes/xarm7_1305/collision/link3.obj
-- Installing: /home/alpha/DEV/Robot_Arm/install/arm_description/share/arm_description//meshes/xarm7_1305/collision/link_base.obj
-- Installing: /home/alpha/DEV/Robot_Arm/install/arm_description/share/arm_description//meshes/xarm7_1305/collision/link4.obj
-- Installing: /home/alpha/DEV/Robot_Arm/install/arm_description/share/arm_description//meshes/end_tool
-- Installing: /home/alpha/DEV/Robot_Arm/install/arm_description/share/arm_description//meshes/end_tool/visual
-- Installing: /home/alpha/DEV/Robot_Arm/install/arm_description/share/arm_description//meshes/end_tool/visual/end_tool_1300.stl
-- Installing: /home/alpha/DEV/Robot_Arm/install/arm_description/share/arm_description//meshes/end_tool/collision
-- Installing: /home/alpha/DEV/Robot_Arm/install/arm_description/share/arm_description//meshes/end_tool/collision/end_tool_1300.stl
-- Installing: /home/alpha/DEV/Robot_Arm/install/arm_description/share/arm_description//meshes/end_tool/collision/end_tool.stl
-- Installing: /home/alpha/DEV/Robot_Arm/install/arm_description/share/arm_description//meshes/uf850
-- Installing: /home/alpha/DEV/Robot_Arm/install/arm_description/share/arm_description//meshes/uf850/visual
-- Installing: /home/alpha/DEV/Robot_Arm/install/arm_description/share/arm_description//meshes/uf850/visual/link6.dae
-- Installing: /home/alpha/DEV/Robot_Arm/install/arm_description/share/arm_description//meshes/uf850/visual/link6.stl
-- Installing: /home/alpha/DEV/Robot_Arm/install/arm_description/share/arm_description//meshes/uf850/visual/link_base.stl
-- Installing: /home/alpha/DEV/Robot_Arm/install/arm_description/share/arm_description//meshes/uf850/visual/link4.dae
-- Installing: /home/alpha/DEV/Robot_Arm/install/arm_description/share/arm_description//meshes/uf850/visual/link3.dae
-- Installing: /home/alpha/DEV/Robot_Arm/install/arm_description/share/arm_description//meshes/uf850/visual/link_base.dae
-- Installing: /home/alpha/DEV/Robot_Arm/install/arm_description/share/arm_description//meshes/uf850/visual/link2.stl
-- Installing: /home/alpha/DEV/Robot_Arm/install/arm_description/share/arm_description//meshes/uf850/visual/link5.stl
-- Installing: /home/alpha/DEV/Robot_Arm/install/arm_description/share/arm_description//meshes/uf850/visual/link3.stl
-- Installing: /home/alpha/DEV/Robot_Arm/install/arm_description/share/arm_description//meshes/uf850/visual/link5.dae
-- Installing: /home/alpha/DEV/Robot_Arm/install/arm_description/share/arm_description//meshes/uf850/visual/link1.stl
-- Installing: /home/alpha/DEV/Robot_Arm/install/arm_description/share/arm_description//meshes/uf850/visual/link4.stl
-- Installing: /home/alpha/DEV/Robot_Arm/install/arm_description/share/arm_description//meshes/uf850/visual/link1.dae
-- Installing: /home/alpha/DEV/Robot_Arm/install/arm_description/share/arm_description//meshes/uf850/visual/link2.dae
-- Installing: /home/alpha/DEV/Robot_Arm/install/arm_description/share/arm_description//meshes/uf850/collision
-- Installing: /home/alpha/DEV/Robot_Arm/install/arm_description/share/arm_description//meshes/uf850/collision/link6.stl
-- Installing: /home/alpha/DEV/Robot_Arm/install/arm_description/share/arm_description//meshes/uf850/collision/link_base.stl
-- Installing: /home/alpha/DEV/Robot_Arm/install/arm_description/share/arm_description//meshes/uf850/collision/link2.stl
-- Installing: /home/alpha/DEV/Robot_Arm/install/arm_description/share/arm_description//meshes/uf850/collision/link5.stl
-- Installing: /home/alpha/DEV/Robot_Arm/install/arm_description/share/arm_description//meshes/uf850/collision/link3.stl
-- Installing: /home/alpha/DEV/Robot_Arm/install/arm_description/share/arm_description//meshes/uf850/collision/link1.stl
-- Installing: /home/alpha/DEV/Robot_Arm/install/arm_description/share/arm_description//meshes/uf850/collision/link4.stl
-- Installing: /home/alpha/DEV/Robot_Arm/install/arm_description/share/arm_description//meshes/vacuum_gripper
-- Installing: /home/alpha/DEV/Robot_Arm/install/arm_description/share/arm_description//meshes/vacuum_gripper/lite
-- Installing: /home/alpha/DEV/Robot_Arm/install/arm_description/share/arm_description//meshes/vacuum_gripper/lite/visual
-- Installing: /home/alpha/DEV/Robot_Arm/install/arm_description/share/arm_description//meshes/vacuum_gripper/lite/visual/vacuum_gripper_lite.dae
-- Installing: /home/alpha/DEV/Robot_Arm/install/arm_description/share/arm_description//meshes/vacuum_gripper/lite/visual/vacuum_gripper_lite.stl
-- Installing: /home/alpha/DEV/Robot_Arm/install/arm_description/share/arm_description//meshes/vacuum_gripper/lite/collision
-- Installing: /home/alpha/DEV/Robot_Arm/install/arm_description/share/arm_description//meshes/vacuum_gripper/lite/collision/vacuum_gripper_lite.stl
-- Installing: /home/alpha/DEV/Robot_Arm/install/arm_description/share/arm_description//meshes/vacuum_gripper/xarm
-- Installing: /home/alpha/DEV/Robot_Arm/install/arm_description/share/arm_description//meshes/vacuum_gripper/xarm/visual
-- Installing: /home/alpha/DEV/Robot_Arm/install/arm_description/share/arm_description//meshes/vacuum_gripper/xarm/visual/vacuum_gripper.stl
-- Installing: /home/alpha/DEV/Robot_Arm/install/arm_description/share/arm_description//meshes/vacuum_gripper/xarm/visual/vacuum_gripper.dae
-- Installing: /home/alpha/DEV/Robot_Arm/install/arm_description/share/arm_description//meshes/vacuum_gripper/xarm/collision
-- Installing: /home/alpha/DEV/Robot_Arm/install/arm_description/share/arm_description//meshes/vacuum_gripper/xarm/collision/vacuum_gripper.stl
-- Installing: /home/alpha/DEV/Robot_Arm/install/arm_description/share/arm_description//launch
-- Installing: /home/alpha/DEV/Robot_Arm/install/arm_description/share/arm_description//launch/xarm7_mirror_rviz_display.launch.py
-- Installing: /home/alpha/DEV/Robot_Arm/install/arm_description/share/arm_description//launch/_robot_description.launch.py
-- Installing: /home/alpha/DEV/Robot_Arm/install/arm_description/share/arm_description//launch/_robot_joint_state.launch.py
-- Installing: /home/alpha/DEV/Robot_Arm/install/arm_description/share/arm_description//launch/xarm6_rviz_display.launch.py
-- Installing: /home/alpha/DEV/Robot_Arm/install/arm_description/share/arm_description//launch/lib
-- Installing: /home/alpha/DEV/Robot_Arm/install/arm_description/share/arm_description//launch/lib/robot_description_lib.py
-- Installing: /home/alpha/DEV/Robot_Arm/install/arm_description/share/arm_description//launch/_robot_rviz_display.launch.py
-- Installing: /home/alpha/DEV/Robot_Arm/install/arm_description/share/arm_description//launch/xarm7_rviz_display.launch.py
-- Installing: /home/alpha/DEV/Robot_Arm/install/arm_description/share/arm_description//launch/lite6_rviz_display.launch.py
-- Installing: /home/alpha/DEV/Robot_Arm/install/arm_description/share/arm_description//launch/uf850_rviz_display.launch.py
-- Installing: /home/alpha/DEV/Robot_Arm/install/arm_description/share/arm_description//launch/xarm5_rviz_display.launch.py
-- Installing: /home/alpha/DEV/Robot_Arm/install/arm_description/share/arm_description//launch/_rviz_display.launch.py
-- Installing: /home/alpha/DEV/Robot_Arm/install/arm_description/share/ament_index/resource_index/package_run_dependencies/arm_description
-- Installing: /home/alpha/DEV/Robot_Arm/install/arm_description/share/ament_index/resource_index/parent_prefix_path/arm_description
-- Installing: /home/alpha/DEV/Robot_Arm/install/arm_description/share/arm_description/environment/ament_prefix_path.sh
-- Installing: /home/alpha/DEV/Robot_Arm/install/arm_description/share/arm_description/environment/ament_prefix_path.dsv
-- Installing: /home/alpha/DEV/Robot_Arm/install/arm_description/share/arm_description/environment/path.sh
-- Installing: /home/alpha/DEV/Robot_Arm/install/arm_description/share/arm_description/environment/path.dsv
-- Installing: /home/alpha/DEV/Robot_Arm/install/arm_description/share/arm_description/local_setup.bash
-- Installing: /home/alpha/DEV/Robot_Arm/install/arm_description/share/arm_description/local_setup.sh
-- Installing: /home/alpha/DEV/Robot_Arm/install/arm_description/share/arm_description/local_setup.zsh
-- Installing: /home/alpha/DEV/Robot_Arm/install/arm_description/share/arm_description/local_setup.dsv
-- Installing: /home/alpha/DEV/Robot_Arm/install/arm_description/share/arm_description/package.dsv
-- Installing: /home/alpha/DEV/Robot_Arm/install/arm_description/share/ament_index/resource_index/packages/arm_description
-- Installing: /home/alpha/DEV/Robot_Arm/install/arm_description/share/arm_description/cmake/arm_descriptionConfig.cmake
-- Installing: /home/alpha/DEV/Robot_Arm/install/arm_description/share/arm_description/cmake/arm_descriptionConfig-version.cmake
-- Installing: /home/alpha/DEV/Robot_Arm/install/arm_description/share/arm_description/package.xml
