[0.007s] Invoking command in '/home/alpha/DEV/Robot_Arm/build/arm_description': CMAKE_PREFIX_PATH=${CMAKE_PREFIX_PATH}:/home/alpha/DEV/Robot_Arm/install/uf_ros_lib:/opt/ros/jazzy DEBUGINFOD_URLS=https://debuginfod.ubuntu.com /usr/bin/cmake /home/alpha/DEV/Robot_Arm/src/arm_description -DCMAKE_INSTALL_PREFIX=/home/alpha/DEV/Robot_Arm/install/arm_description
[0.073s] -- The C compiler identification is GNU 13.3.0
[0.136s] -- The CXX compiler identification is GNU 13.3.0
[0.156s] -- Detecting C compiler ABI info
[0.267s] -- Detecting C compiler ABI info - done
[0.275s] -- Check for working C compiler: /usr/bin/cc - skipped
[0.275s] -- Detecting C compile features
[0.275s] -- Detecting C compile features - done
[0.284s] -- Detecting CXX compiler ABI info
[0.403s] -- Detecting CXX compiler ABI info - done
[0.415s] -- Check for working CXX compiler: /usr/bin/c++ - skipped
[0.415s] -- Detecting CXX compile features
[0.416s] -- Detecting CXX compile features - done
[0.419s] -- Found ament_cmake: 2.5.6 (/opt/ros/jazzy/share/ament_cmake/cmake)
[0.551s] -- Found Python3: /usr/bin/python3 (found version "3.12.3") found components: Interpreter 
[0.636s] -- Found ament_lint_auto: 0.17.5 (/opt/ros/jazzy/share/ament_lint_auto/cmake)
[0.723s] -- Added test 'copyright' to check source files copyright and LICENSE
[0.736s] -- Added test 'flake8' to check Python code syntax and style conventions
[0.736s] -- Configured 'flake8' exclude dirs and/or files: 
[0.738s] -- Added test 'lint_cmake' to check CMake code style
[0.739s] -- Added test 'pep257' to check Python code against some of the docstring style conventions in PEP 257
[0.746s] -- Added test 'xmllint' to check XML markup files
[0.747s] -- Configuring done (0.7s)
[0.749s] -- Generating done (0.0s)
[0.750s] -- Build files have been written to: /home/alpha/DEV/Robot_Arm/build/arm_description
[0.754s] Invoked command in '/home/alpha/DEV/Robot_Arm/build/arm_description' returned '0': CMAKE_PREFIX_PATH=${CMAKE_PREFIX_PATH}:/home/alpha/DEV/Robot_Arm/install/uf_ros_lib:/opt/ros/jazzy DEBUGINFOD_URLS=https://debuginfod.ubuntu.com /usr/bin/cmake /home/alpha/DEV/Robot_Arm/src/arm_description -DCMAKE_INSTALL_PREFIX=/home/alpha/DEV/Robot_Arm/install/arm_description
[0.755s] Invoking command in '/home/alpha/DEV/Robot_Arm/build/arm_description': CMAKE_PREFIX_PATH=${CMAKE_PREFIX_PATH}:/home/alpha/DEV/Robot_Arm/install/uf_ros_lib:/opt/ros/jazzy DEBUGINFOD_URLS=https://debuginfod.ubuntu.com /usr/bin/cmake --build /home/alpha/DEV/Robot_Arm/build/arm_description -- -j20 -l20
[0.797s] Invoked command in '/home/alpha/DEV/Robot_Arm/build/arm_description' returned '0': CMAKE_PREFIX_PATH=${CMAKE_PREFIX_PATH}:/home/alpha/DEV/Robot_Arm/install/uf_ros_lib:/opt/ros/jazzy DEBUGINFOD_URLS=https://debuginfod.ubuntu.com /usr/bin/cmake --build /home/alpha/DEV/Robot_Arm/build/arm_description -- -j20 -l20
[0.807s] Invoking command in '/home/alpha/DEV/Robot_Arm/build/arm_description': CMAKE_PREFIX_PATH=${CMAKE_PREFIX_PATH}:/home/alpha/DEV/Robot_Arm/install/uf_ros_lib:/opt/ros/jazzy DEBUGINFOD_URLS=https://debuginfod.ubuntu.com /usr/bin/cmake --install /home/alpha/DEV/Robot_Arm/build/arm_description
[0.818s] -- Install configuration: ""
[0.818s] -- Installing: /home/alpha/DEV/Robot_Arm/install/arm_description/share/arm_description//rviz
[0.818s] -- Installing: /home/alpha/DEV/Robot_Arm/install/arm_description/share/arm_description//rviz/display.rviz
[0.818s] -- Installing: /home/alpha/DEV/Robot_Arm/install/arm_description/share/arm_description//urdf
[0.818s] -- Installing: /home/alpha/DEV/Robot_Arm/install/arm_description/share/arm_description//urdf/xarm6
[0.818s] -- Installing: /home/alpha/DEV/Robot_Arm/install/arm_description/share/arm_description//urdf/xarm6/xarm6.gazebo.xacro
[0.819s] -- Installing: /home/alpha/DEV/Robot_Arm/install/arm_description/share/arm_description//urdf/xarm6/xarm6_robot_macro.xacro
[0.819s] -- Installing: /home/alpha/DEV/Robot_Arm/install/arm_description/share/arm_description//urdf/xarm6/xarm6.urdf.xacro
[0.819s] -- Installing: /home/alpha/DEV/Robot_Arm/install/arm_description/share/arm_description//urdf/xarm6/xarm6.ros2_control.xacro
[0.819s] -- Installing: /home/alpha/DEV/Robot_Arm/install/arm_description/share/arm_description//urdf/xarm6/xarm6.transmission.xacro
[0.819s] -- Installing: /home/alpha/DEV/Robot_Arm/install/arm_description/share/arm_description//urdf/gripper
[0.819s] -- Installing: /home/alpha/DEV/Robot_Arm/install/arm_description/share/arm_description//urdf/gripper/xarm_gripper.ros2_control.xacro
[0.819s] -- Installing: /home/alpha/DEV/Robot_Arm/install/arm_description/share/arm_description//urdf/gripper/uflite_gripper.gazebo.xacro
[0.819s] -- Installing: /home/alpha/DEV/Robot_Arm/install/arm_description/share/arm_description//urdf/gripper/gripper.urdf.xacro
[0.819s] -- Installing: /home/alpha/DEV/Robot_Arm/install/arm_description/share/arm_description//urdf/gripper/uflite_gripper.ros2_control.xacro
[0.820s] -- Installing: /home/alpha/DEV/Robot_Arm/install/arm_description/share/arm_description//urdf/gripper/bio_gripper.ros2_control.xacro
[0.820s] -- Installing: /home/alpha/DEV/Robot_Arm/install/arm_description/share/arm_description//urdf/gripper/xarm_gripper.transmission.xacro
[0.820s] -- Installing: /home/alpha/DEV/Robot_Arm/install/arm_description/share/arm_description//urdf/gripper/bio_gripper_macro.xacro
[0.820s] -- Installing: /home/alpha/DEV/Robot_Arm/install/arm_description/share/arm_description//urdf/gripper/uflite_gripper.transmission.xacro
[0.820s] -- Installing: /home/alpha/DEV/Robot_Arm/install/arm_description/share/arm_description//urdf/gripper/xarm_gripper.gazebo.xacro
[0.820s] -- Installing: /home/alpha/DEV/Robot_Arm/install/arm_description/share/arm_description//urdf/gripper/bio_gripper.transmission.xacro
[0.820s] -- Installing: /home/alpha/DEV/Robot_Arm/install/arm_description/share/arm_description//urdf/gripper/gripper_macro.xacro
[0.820s] -- Installing: /home/alpha/DEV/Robot_Arm/install/arm_description/share/arm_description//urdf/gripper/uflite_gripper_macro.xacro
[0.820s] -- Installing: /home/alpha/DEV/Robot_Arm/install/arm_description/share/arm_description//urdf/gripper/xarm_gripper_macro.xacro
[0.820s] -- Installing: /home/alpha/DEV/Robot_Arm/install/arm_description/share/arm_description//urdf/gripper/bio_gripper.gazebo.xacro
[0.820s] -- Installing: /home/alpha/DEV/Robot_Arm/install/arm_description/share/arm_description//urdf/gripper/uflite_gripper.urdf.xacro
[0.820s] -- Installing: /home/alpha/DEV/Robot_Arm/install/arm_description/share/arm_description//urdf/gripper/bio_gripper.urdf.xacro
[0.820s] -- Installing: /home/alpha/DEV/Robot_Arm/install/arm_description/share/arm_description//urdf/gripper/xarm_gripper.urdf.xacro
[0.820s] -- Installing: /home/alpha/DEV/Robot_Arm/install/arm_description/share/arm_description//urdf/lite6
[0.820s] -- Installing: /home/alpha/DEV/Robot_Arm/install/arm_description/share/arm_description//urdf/lite6/lite6.gazebo.xacro
[0.821s] -- Installing: /home/alpha/DEV/Robot_Arm/install/arm_description/share/arm_description//urdf/lite6/lite6_robot_macro.xacro
[0.821s] -- Installing: /home/alpha/DEV/Robot_Arm/install/arm_description/share/arm_description//urdf/lite6/lite6.urdf.xacro
[0.821s] -- Installing: /home/alpha/DEV/Robot_Arm/install/arm_description/share/arm_description//urdf/lite6/lite6.ros2_control.xacro
[0.821s] -- Installing: /home/alpha/DEV/Robot_Arm/install/arm_description/share/arm_description//urdf/lite6/lite6.transmission.xacro
[0.821s] -- Installing: /home/alpha/DEV/Robot_Arm/install/arm_description/share/arm_description//urdf/_private_macro.xacro
[0.821s] -- Installing: /home/alpha/DEV/Robot_Arm/install/arm_description/share/arm_description//urdf/dual_xarm_device.urdf.xacro
[0.821s] -- Installing: /home/alpha/DEV/Robot_Arm/install/arm_description/share/arm_description//urdf/xarm5
[0.821s] -- Installing: /home/alpha/DEV/Robot_Arm/install/arm_description/share/arm_description//urdf/xarm5/xarm5_robot_macro.xacro
[0.821s] -- Installing: /home/alpha/DEV/Robot_Arm/install/arm_description/share/arm_description//urdf/xarm5/xarm5.transmission.xacro
[0.821s] -- Installing: /home/alpha/DEV/Robot_Arm/install/arm_description/share/arm_description//urdf/xarm5/xarm5.urdf.xacro
[0.821s] -- Installing: /home/alpha/DEV/Robot_Arm/install/arm_description/share/arm_description//urdf/xarm5/xarm5.gazebo.xacro
[0.821s] -- Installing: /home/alpha/DEV/Robot_Arm/install/arm_description/share/arm_description//urdf/xarm5/xarm5.ros2_control.xacro
[0.821s] -- Installing: /home/alpha/DEV/Robot_Arm/install/arm_description/share/arm_description//urdf/xarm7
[0.822s] -- Installing: /home/alpha/DEV/Robot_Arm/install/arm_description/share/arm_description//urdf/xarm7/xarm7_robot_macro.xacro
[0.822s] -- Installing: /home/alpha/DEV/Robot_Arm/install/arm_description/share/arm_description//urdf/xarm7/xarm7.ros2_control.xacro
[0.822s] -- Installing: /home/alpha/DEV/Robot_Arm/install/arm_description/share/arm_description//urdf/xarm7/xarm7.transmission.xacro
[0.822s] -- Installing: /home/alpha/DEV/Robot_Arm/install/arm_description/share/arm_description//urdf/xarm7/xarm7.gazebo.xacro
[0.822s] -- Installing: /home/alpha/DEV/Robot_Arm/install/arm_description/share/arm_description//urdf/xarm7/xarm7.urdf.xacro
[0.822s] -- Installing: /home/alpha/DEV/Robot_Arm/install/arm_description/share/arm_description//urdf/xarm7_mirror
[0.822s] -- Installing: /home/alpha/DEV/Robot_Arm/install/arm_description/share/arm_description//urdf/xarm7_mirror/xarm7_mirror.urdf.xacro
[0.822s] -- Installing: /home/alpha/DEV/Robot_Arm/install/arm_description/share/arm_description//urdf/xarm7_mirror/xarm7_mirror_robot_macro.xacro
[0.822s] -- Installing: /home/alpha/DEV/Robot_Arm/install/arm_description/share/arm_description//urdf/xarm7_mirror/xarm7_mirror.gazebo.xacro
[0.822s] -- Installing: /home/alpha/DEV/Robot_Arm/install/arm_description/share/arm_description//urdf/xarm7_mirror/xarm7_mirror.transmission.xacro
[0.822s] -- Installing: /home/alpha/DEV/Robot_Arm/install/arm_description/share/arm_description//urdf/xarm7_mirror/xarm7_mirror.ros2_control.xacro
[0.822s] -- Installing: /home/alpha/DEV/Robot_Arm/install/arm_description/share/arm_description//urdf/camera
[0.822s] -- Installing: /home/alpha/DEV/Robot_Arm/install/arm_description/share/arm_description//urdf/camera/realsense.gazebo.xacro
[0.822s] -- Installing: /home/alpha/DEV/Robot_Arm/install/arm_description/share/arm_description//urdf/camera/realsense_d435i.urdf.xacro
[0.822s] -- Installing: /home/alpha/DEV/Robot_Arm/install/arm_description/share/arm_description//urdf/camera/camera.gazebo.xacro
[0.822s] -- Installing: /home/alpha/DEV/Robot_Arm/install/arm_description/share/arm_description//urdf/xarm_device_macro.xacro
[0.823s] -- Installing: /home/alpha/DEV/Robot_Arm/install/arm_description/share/arm_description//urdf/uf850
[0.823s] -- Installing: /home/alpha/DEV/Robot_Arm/install/arm_description/share/arm_description//urdf/uf850/uf850.ros2_control.xacro
[0.823s] -- Installing: /home/alpha/DEV/Robot_Arm/install/arm_description/share/arm_description//urdf/uf850/uf850.transmission.xacro
[0.823s] -- Installing: /home/alpha/DEV/Robot_Arm/install/arm_description/share/arm_description//urdf/uf850/uf850_robot_macro.xacro
[0.823s] -- Installing: /home/alpha/DEV/Robot_Arm/install/arm_description/share/arm_description//urdf/uf850/uf850.gazebo.xacro
[0.823s] -- Installing: /home/alpha/DEV/Robot_Arm/install/arm_description/share/arm_description//urdf/uf850/uf850.urdf.xacro
[0.823s] -- Installing: /home/alpha/DEV/Robot_Arm/install/arm_description/share/arm_description//urdf/vacuum_gripper
[0.823s] -- Installing: /home/alpha/DEV/Robot_Arm/install/arm_description/share/arm_description//urdf/vacuum_gripper/vacuum_gripper.urdf.xacro
[0.823s] -- Installing: /home/alpha/DEV/Robot_Arm/install/arm_description/share/arm_description//urdf/vacuum_gripper/lite_vacuum_gripper.urdf.xacro
[0.823s] -- Installing: /home/alpha/DEV/Robot_Arm/install/arm_description/share/arm_description//urdf/vacuum_gripper/vacuum_gripper_macro.xacro
[0.823s] -- Installing: /home/alpha/DEV/Robot_Arm/install/arm_description/share/arm_description//urdf/vacuum_gripper/xarm_vacuum_gripper.urdf.xacro
[0.823s] -- Installing: /home/alpha/DEV/Robot_Arm/install/arm_description/share/arm_description//urdf/other
[0.823s] -- Installing: /home/alpha/DEV/Robot_Arm/install/arm_description/share/arm_description//urdf/other/other_geometry.urdf.xacro
[0.823s] -- Installing: /home/alpha/DEV/Robot_Arm/install/arm_description/share/arm_description//urdf/common
[0.824s] -- Installing: /home/alpha/DEV/Robot_Arm/install/arm_description/share/arm_description//urdf/common/common.link.xacro
[0.824s] -- Installing: /home/alpha/DEV/Robot_Arm/install/arm_description/share/arm_description//urdf/common/common.material.xacro
[0.824s] -- Installing: /home/alpha/DEV/Robot_Arm/install/arm_description/share/arm_description//urdf/common/common.gazebo.xacro
[0.824s] -- Installing: /home/alpha/DEV/Robot_Arm/install/arm_description/share/arm_description//urdf/xarm_device.urdf.xacro
[0.824s] -- Installing: /home/alpha/DEV/Robot_Arm/install/arm_description/share/arm_description//config
[0.824s] -- Installing: /home/alpha/DEV/Robot_Arm/install/arm_description/share/arm_description//config/link_inertial
[0.824s] -- Installing: /home/alpha/DEV/Robot_Arm/install/arm_description/share/arm_description//config/link_inertial/xarm5_type5_HT_BR.yaml
[0.824s] -- Installing: /home/alpha/DEV/Robot_Arm/install/arm_description/share/arm_description//config/link_inertial/xarm7_type7_UJ_BR_2403.yaml
[0.824s] -- Installing: /home/alpha/DEV/Robot_Arm/install/arm_description/share/arm_description//config/link_inertial/xarm7_type7_HT_BR.yaml
[0.824s] -- Installing: /home/alpha/DEV/Robot_Arm/install/arm_description/share/arm_description//config/link_inertial/xarm7_type7_HT_BR2.yaml
[0.824s] -- Installing: /home/alpha/DEV/Robot_Arm/install/arm_description/share/arm_description//config/link_inertial/gen_link_inertial_params.py
[0.824s] -- Installing: /home/alpha/DEV/Robot_Arm/install/arm_description/share/arm_description//config/link_inertial/xarm6_type6_HT_BR.yaml
[0.824s] -- Installing: /home/alpha/DEV/Robot_Arm/install/arm_description/share/arm_description//config/link_inertial/xarm5_type5_HT_LD.yaml
[0.824s] -- Installing: /home/alpha/DEV/Robot_Arm/install/arm_description/share/arm_description//config/link_inertial/xarm7_type7_HT_LD.yaml
[0.824s] -- Installing: /home/alpha/DEV/Robot_Arm/install/arm_description/share/arm_description//config/link_inertial/xarm7_type13_HT_BR2.yaml
[0.825s] -- Installing: /home/alpha/DEV/Robot_Arm/install/arm_description/share/arm_description//config/link_inertial/xarm7_type3_YT_SP.yaml
[0.825s] -- Installing: /home/alpha/DEV/Robot_Arm/install/arm_description/share/arm_description//config/link_inertial/xarm6_type12_HT_LDBR2.yaml
[0.825s] -- Installing: /home/alpha/DEV/Robot_Arm/install/arm_description/share/arm_description//config/link_inertial/xarm5_type5_UJ_BR_2403.yaml
[0.825s] -- Installing: /home/alpha/DEV/Robot_Arm/install/arm_description/share/arm_description//config/link_inertial/xarm6_type9_HT_BR2.yaml
[0.825s] -- Installing: /home/alpha/DEV/Robot_Arm/install/arm_description/share/arm_description//config/link_inertial/xarm6_type6_HT_BR2.yaml
[0.825s] -- Installing: /home/alpha/DEV/Robot_Arm/install/arm_description/share/arm_description//config/link_inertial/xarm6_type6_UJ_BR_2403.yaml
[0.825s] -- Installing: /home/alpha/DEV/Robot_Arm/install/arm_description/share/arm_description//config/link_inertial/xarm6_type11_HT_LD.yaml
[0.825s] -- Installing: /home/alpha/DEV/Robot_Arm/install/arm_description/share/arm_description//config/link_inertial/xarm5_type5_HT_BR2.yaml
[0.825s] -- Installing: /home/alpha/DEV/Robot_Arm/install/arm_description/share/arm_description//config/link_inertial/xarm6_type8_HT2_BR2.yaml
[0.825s] -- Installing: /home/alpha/DEV/Robot_Arm/install/arm_description/share/arm_description//config/link_inertial/xarm6_type6_HT_LD.yaml
[0.825s] -- Installing: /home/alpha/DEV/Robot_Arm/install/arm_description/share/arm_description//config/link_inertial/xarm6_type6_HT2_LD.yaml
[0.825s] -- Installing: /home/alpha/DEV/Robot_Arm/install/arm_description/share/arm_description//config/kinematics
[0.825s] -- Installing: /home/alpha/DEV/Robot_Arm/install/arm_description/share/arm_description//config/kinematics/default
[0.825s] -- Installing: /home/alpha/DEV/Robot_Arm/install/arm_description/share/arm_description//config/kinematics/default/uf850_default_kinematics.yaml
[0.826s] -- Installing: /home/alpha/DEV/Robot_Arm/install/arm_description/share/arm_description//config/kinematics/default/xarm7_default_kinematics.yaml
[0.826s] -- Installing: /home/alpha/DEV/Robot_Arm/install/arm_description/share/arm_description//config/kinematics/default/lite6_default_kinematics.yaml
[0.826s] -- Installing: /home/alpha/DEV/Robot_Arm/install/arm_description/share/arm_description//config/kinematics/default/xarm5_default_kinematics.yaml
[0.826s] -- Installing: /home/alpha/DEV/Robot_Arm/install/arm_description/share/arm_description//config/kinematics/default/xarm6_default_kinematics.yaml
[0.826s] -- Installing: /home/alpha/DEV/Robot_Arm/install/arm_description/share/arm_description//config/kinematics/default/xarm7_mirror_default_kinematics.yaml
[0.826s] -- Installing: /home/alpha/DEV/Robot_Arm/install/arm_description/share/arm_description//config/kinematics/gen_kinematics_params.py
[0.826s] -- Installing: /home/alpha/DEV/Robot_Arm/install/arm_description/share/arm_description//meshes
[0.826s] -- Installing: /home/alpha/DEV/Robot_Arm/install/arm_description/share/arm_description//meshes/xarm6
[0.826s] -- Installing: /home/alpha/DEV/Robot_Arm/install/arm_description/share/arm_description//meshes/xarm6/visual
[0.826s] -- Installing: /home/alpha/DEV/Robot_Arm/install/arm_description/share/arm_description//meshes/xarm6/visual/link6.stl
[0.826s] -- Installing: /home/alpha/DEV/Robot_Arm/install/arm_description/share/arm_description//meshes/xarm6/visual/link_base.stl
[0.826s] -- Installing: /home/alpha/DEV/Robot_Arm/install/arm_description/share/arm_description//meshes/xarm6/visual/link_base_white.dae
[0.826s] -- Installing: /home/alpha/DEV/Robot_Arm/install/arm_description/share/arm_description//meshes/xarm6/visual/link2.stl
[0.826s] -- Installing: /home/alpha/DEV/Robot_Arm/install/arm_description/share/arm_description//meshes/xarm6/visual/link5.stl
[0.827s] -- Installing: /home/alpha/DEV/Robot_Arm/install/arm_description/share/arm_description//meshes/xarm6/visual/link3.stl
[0.827s] -- Installing: /home/alpha/DEV/Robot_Arm/install/arm_description/share/arm_description//meshes/xarm6/visual/link1.stl
[0.827s] -- Installing: /home/alpha/DEV/Robot_Arm/install/arm_description/share/arm_description//meshes/xarm6/visual/link4.stl
[0.827s] -- Installing: /home/alpha/DEV/Robot_Arm/install/arm_description/share/arm_description//meshes/gripper
[0.827s] -- Installing: /home/alpha/DEV/Robot_Arm/install/arm_description/share/arm_description//meshes/gripper/bio
[0.827s] -- Installing: /home/alpha/DEV/Robot_Arm/install/arm_description/share/arm_description//meshes/gripper/bio/right_finger_g2.dae
[0.827s] -- Installing: /home/alpha/DEV/Robot_Arm/install/arm_description/share/arm_description//meshes/gripper/bio/link_base_g2.dae
[0.828s] -- Installing: /home/alpha/DEV/Robot_Arm/install/arm_description/share/arm_description//meshes/gripper/bio/link_base.stl
[0.828s] -- Installing: /home/alpha/DEV/Robot_Arm/install/arm_description/share/arm_description//meshes/gripper/bio/right_finger.stl
[0.828s] -- Installing: /home/alpha/DEV/Robot_Arm/install/arm_description/share/arm_description//meshes/gripper/bio/left_finger.stl
[0.828s] -- Installing: /home/alpha/DEV/Robot_Arm/install/arm_description/share/arm_description//meshes/gripper/bio/link_base.dae
[0.829s] -- Installing: /home/alpha/DEV/Robot_Arm/install/arm_description/share/arm_description//meshes/gripper/bio/left_finger.dae
[0.829s] -- Installing: /home/alpha/DEV/Robot_Arm/install/arm_description/share/arm_description//meshes/gripper/bio/right_finger.dae
[0.830s] -- Installing: /home/alpha/DEV/Robot_Arm/install/arm_description/share/arm_description//meshes/gripper/bio/left_finger_g2.dae
[0.830s] -- Installing: /home/alpha/DEV/Robot_Arm/install/arm_description/share/arm_description//meshes/gripper/lite
[0.830s] -- Installing: /home/alpha/DEV/Robot_Arm/install/arm_description/share/arm_description//meshes/gripper/lite/visual
[0.830s] -- Installing: /home/alpha/DEV/Robot_Arm/install/arm_description/share/arm_description//meshes/gripper/lite/visual/shell.dae
[0.830s] -- Installing: /home/alpha/DEV/Robot_Arm/install/arm_description/share/arm_description//meshes/gripper/lite/visual/finger1.stl
[0.830s] -- Installing: /home/alpha/DEV/Robot_Arm/install/arm_description/share/arm_description//meshes/gripper/lite/visual/finger2.stl
[0.830s] -- Installing: /home/alpha/DEV/Robot_Arm/install/arm_description/share/arm_description//meshes/gripper/lite/visual/shell.stl
[0.831s] -- Installing: /home/alpha/DEV/Robot_Arm/install/arm_description/share/arm_description//meshes/gripper/lite/visual/finger2.dae
[0.831s] -- Installing: /home/alpha/DEV/Robot_Arm/install/arm_description/share/arm_description//meshes/gripper/lite/visual/gripper_lite.stl
[0.831s] -- Installing: /home/alpha/DEV/Robot_Arm/install/arm_description/share/arm_description//meshes/gripper/lite/visual/finger1.dae
[0.831s] -- Installing: /home/alpha/DEV/Robot_Arm/install/arm_description/share/arm_description//meshes/gripper/lite/collision
[0.831s] -- Installing: /home/alpha/DEV/Robot_Arm/install/arm_description/share/arm_description//meshes/gripper/lite/collision/gripper_lite.stl
[0.831s] -- Installing: /home/alpha/DEV/Robot_Arm/install/arm_description/share/arm_description//meshes/gripper/xarm
[0.831s] -- Installing: /home/alpha/DEV/Robot_Arm/install/arm_description/share/arm_description//meshes/gripper/xarm/right_finger_g2.dae
[0.831s] -- Installing: /home/alpha/DEV/Robot_Arm/install/arm_description/share/arm_description//meshes/gripper/xarm/right_inner_knuckle.dae
[0.832s] -- Installing: /home/alpha/DEV/Robot_Arm/install/arm_description/share/arm_description//meshes/gripper/xarm/right_inner_knuckle.stl
[0.832s] -- Installing: /home/alpha/DEV/Robot_Arm/install/arm_description/share/arm_description//meshes/gripper/xarm/right_finger.stl
[0.832s] -- Installing: /home/alpha/DEV/Robot_Arm/install/arm_description/share/arm_description//meshes/gripper/xarm/left_outer_knuckle.dae
[0.833s] -- Installing: /home/alpha/DEV/Robot_Arm/install/arm_description/share/arm_description//meshes/gripper/xarm/left_finger.stl
[0.833s] -- Installing: /home/alpha/DEV/Robot_Arm/install/arm_description/share/arm_description//meshes/gripper/xarm/left_finger.dae
[0.833s] -- Installing: /home/alpha/DEV/Robot_Arm/install/arm_description/share/arm_description//meshes/gripper/xarm/left_outer_knuckle_g2.dae
[0.833s] -- Installing: /home/alpha/DEV/Robot_Arm/install/arm_description/share/arm_description//meshes/gripper/xarm/right_outer_knuckle.dae
[0.833s] -- Installing: /home/alpha/DEV/Robot_Arm/install/arm_description/share/arm_description//meshes/gripper/xarm/left_inner_knuckle_g2.dae
[0.834s] -- Installing: /home/alpha/DEV/Robot_Arm/install/arm_description/share/arm_description//meshes/gripper/xarm/base_link_g2.dae
[0.836s] -- Installing: /home/alpha/DEV/Robot_Arm/install/arm_description/share/arm_description//meshes/gripper/xarm/left_outer_knuckle.stl
[0.836s] -- Installing: /home/alpha/DEV/Robot_Arm/install/arm_description/share/arm_description//meshes/gripper/xarm/base_link.stl
[0.837s] -- Installing: /home/alpha/DEV/Robot_Arm/install/arm_description/share/arm_description//meshes/gripper/xarm/left_inner_knuckle.stl
[0.837s] -- Installing: /home/alpha/DEV/Robot_Arm/install/arm_description/share/arm_description//meshes/gripper/xarm/right_finger.dae
[0.837s] -- Installing: /home/alpha/DEV/Robot_Arm/install/arm_description/share/arm_description//meshes/gripper/xarm/right_outer_knuckle_g2.dae
[0.837s] -- Installing: /home/alpha/DEV/Robot_Arm/install/arm_description/share/arm_description//meshes/gripper/xarm/right_inner_knuckle_g2.dae
[0.838s] -- Installing: /home/alpha/DEV/Robot_Arm/install/arm_description/share/arm_description//meshes/gripper/xarm/right_outer_knuckle.stl
[0.838s] -- Installing: /home/alpha/DEV/Robot_Arm/install/arm_description/share/arm_description//meshes/gripper/xarm/left_inner_knuckle.dae
[0.838s] -- Installing: /home/alpha/DEV/Robot_Arm/install/arm_description/share/arm_description//meshes/gripper/xarm/left_finger_g2.dae
[0.839s] -- Installing: /home/alpha/DEV/Robot_Arm/install/arm_description/share/arm_description//meshes/gripper/xarm/base_link.dae
[0.842s] -- Installing: /home/alpha/DEV/Robot_Arm/install/arm_description/share/arm_description//meshes/lite6
[0.842s] -- Installing: /home/alpha/DEV/Robot_Arm/install/arm_description/share/arm_description//meshes/lite6/visual
[0.842s] -- Installing: /home/alpha/DEV/Robot_Arm/install/arm_description/share/arm_description//meshes/lite6/visual/link6.dae
[0.842s] -- Installing: /home/alpha/DEV/Robot_Arm/install/arm_description/share/arm_description//meshes/lite6/visual/link6.stl
[0.842s] -- Installing: /home/alpha/DEV/Robot_Arm/install/arm_description/share/arm_description//meshes/lite6/visual/link_base.stl
[0.842s] -- Installing: /home/alpha/DEV/Robot_Arm/install/arm_description/share/arm_description//meshes/lite6/visual/link4.dae
[0.842s] -- Installing: /home/alpha/DEV/Robot_Arm/install/arm_description/share/arm_description//meshes/lite6/visual/link3.dae
[0.843s] -- Installing: /home/alpha/DEV/Robot_Arm/install/arm_description/share/arm_description//meshes/lite6/visual/link_base.dae
[0.843s] -- Installing: /home/alpha/DEV/Robot_Arm/install/arm_description/share/arm_description//meshes/lite6/visual/link2.stl
[0.843s] -- Installing: /home/alpha/DEV/Robot_Arm/install/arm_description/share/arm_description//meshes/lite6/visual/link5.stl
[0.844s] -- Installing: /home/alpha/DEV/Robot_Arm/install/arm_description/share/arm_description//meshes/lite6/visual/link3.stl
[0.844s] -- Installing: /home/alpha/DEV/Robot_Arm/install/arm_description/share/arm_description//meshes/lite6/visual/link5.dae
[0.844s] -- Installing: /home/alpha/DEV/Robot_Arm/install/arm_description/share/arm_description//meshes/lite6/visual/link1.stl
[0.844s] -- Installing: /home/alpha/DEV/Robot_Arm/install/arm_description/share/arm_description//meshes/lite6/visual/link4.stl
[0.845s] -- Installing: /home/alpha/DEV/Robot_Arm/install/arm_description/share/arm_description//meshes/lite6/visual/link1.dae
[0.845s] -- Installing: /home/alpha/DEV/Robot_Arm/install/arm_description/share/arm_description//meshes/lite6/visual/link2.dae
[0.845s] -- Installing: /home/alpha/DEV/Robot_Arm/install/arm_description/share/arm_description//meshes/lite6/collision
[0.845s] -- Installing: /home/alpha/DEV/Robot_Arm/install/arm_description/share/arm_description//meshes/lite6/collision/link6.stl
[0.845s] -- Installing: /home/alpha/DEV/Robot_Arm/install/arm_description/share/arm_description//meshes/lite6/collision/link_base.stl
[0.845s] -- Installing: /home/alpha/DEV/Robot_Arm/install/arm_description/share/arm_description//meshes/lite6/collision/link2.stl
[0.845s] -- Installing: /home/alpha/DEV/Robot_Arm/install/arm_description/share/arm_description//meshes/lite6/collision/link5.stl
[0.845s] -- Installing: /home/alpha/DEV/Robot_Arm/install/arm_description/share/arm_description//meshes/lite6/collision/link3.stl
[0.846s] -- Installing: /home/alpha/DEV/Robot_Arm/install/arm_description/share/arm_description//meshes/lite6/collision/link1.stl
[0.846s] -- Installing: /home/alpha/DEV/Robot_Arm/install/arm_description/share/arm_description//meshes/lite6/collision/link4.stl
[0.846s] -- Installing: /home/alpha/DEV/Robot_Arm/install/arm_description/share/arm_description//meshes/xarm5_1305
[0.846s] -- Installing: /home/alpha/DEV/Robot_Arm/install/arm_description/share/arm_description//meshes/xarm5_1305/visual
[0.846s] -- Installing: /home/alpha/DEV/Robot_Arm/install/arm_description/share/arm_description//meshes/xarm5_1305/visual/link_base.stl
[0.846s] -- Installing: /home/alpha/DEV/Robot_Arm/install/arm_description/share/arm_description//meshes/xarm5_1305/visual/link4.dae
[0.846s] -- Installing: /home/alpha/DEV/Robot_Arm/install/arm_description/share/arm_description//meshes/xarm5_1305/visual/link3.dae
[0.847s] -- Installing: /home/alpha/DEV/Robot_Arm/install/arm_description/share/arm_description//meshes/xarm5_1305/visual/link_base.dae
[0.847s] -- Installing: /home/alpha/DEV/Robot_Arm/install/arm_description/share/arm_description//meshes/xarm5_1305/visual/link2.stl
[0.847s] -- Installing: /home/alpha/DEV/Robot_Arm/install/arm_description/share/arm_description//meshes/xarm5_1305/visual/link5.stl
[0.847s] -- Installing: /home/alpha/DEV/Robot_Arm/install/arm_description/share/arm_description//meshes/xarm5_1305/visual/link3.stl
[0.848s] -- Installing: /home/alpha/DEV/Robot_Arm/install/arm_description/share/arm_description//meshes/xarm5_1305/visual/link5.dae
[0.848s] -- Installing: /home/alpha/DEV/Robot_Arm/install/arm_description/share/arm_description//meshes/xarm5_1305/visual/link1.stl
[0.848s] -- Installing: /home/alpha/DEV/Robot_Arm/install/arm_description/share/arm_description//meshes/xarm5_1305/visual/link4.stl
[0.848s] -- Installing: /home/alpha/DEV/Robot_Arm/install/arm_description/share/arm_description//meshes/xarm5_1305/visual/link1.dae
[0.849s] -- Installing: /home/alpha/DEV/Robot_Arm/install/arm_description/share/arm_description//meshes/xarm5_1305/visual/link2.dae
[0.849s] -- Installing: /home/alpha/DEV/Robot_Arm/install/arm_description/share/arm_description//meshes/xarm5_1305/collision
[0.849s] -- Installing: /home/alpha/DEV/Robot_Arm/install/arm_description/share/arm_description//meshes/xarm5_1305/collision/link5.obj
[0.849s] -- Installing: /home/alpha/DEV/Robot_Arm/install/arm_description/share/arm_description//meshes/xarm5_1305/collision/link1.obj
[0.849s] -- Installing: /home/alpha/DEV/Robot_Arm/install/arm_description/share/arm_description//meshes/xarm5_1305/collision/link2.obj
[0.849s] -- Installing: /home/alpha/DEV/Robot_Arm/install/arm_description/share/arm_description//meshes/xarm5_1305/collision/link3.obj
[0.849s] -- Installing: /home/alpha/DEV/Robot_Arm/install/arm_description/share/arm_description//meshes/xarm5_1305/collision/link_base.obj
[0.849s] -- Installing: /home/alpha/DEV/Robot_Arm/install/arm_description/share/arm_description//meshes/xarm5_1305/collision/link4.obj
[0.850s] -- Installing: /home/alpha/DEV/Robot_Arm/install/arm_description/share/arm_description//meshes/xarm5
[0.850s] -- Installing: /home/alpha/DEV/Robot_Arm/install/arm_description/share/arm_description//meshes/xarm5/visual
[0.850s] -- Installing: /home/alpha/DEV/Robot_Arm/install/arm_description/share/arm_description//meshes/xarm5/visual/link_base.stl
[0.850s] -- Installing: /home/alpha/DEV/Robot_Arm/install/arm_description/share/arm_description//meshes/xarm5/visual/link_base_white.dae
[0.850s] -- Installing: /home/alpha/DEV/Robot_Arm/install/arm_description/share/arm_description//meshes/xarm5/visual/link2.stl
[0.851s] -- Installing: /home/alpha/DEV/Robot_Arm/install/arm_description/share/arm_description//meshes/xarm5/visual/link5.stl
[0.851s] -- Installing: /home/alpha/DEV/Robot_Arm/install/arm_description/share/arm_description//meshes/xarm5/visual/link3.stl
[0.851s] -- Installing: /home/alpha/DEV/Robot_Arm/install/arm_description/share/arm_description//meshes/xarm5/visual/link1.stl
[0.851s] -- Installing: /home/alpha/DEV/Robot_Arm/install/arm_description/share/arm_description//meshes/xarm5/visual/link4.stl
[0.851s] -- Installing: /home/alpha/DEV/Robot_Arm/install/arm_description/share/arm_description//meshes/xarm7
[0.852s] -- Installing: /home/alpha/DEV/Robot_Arm/install/arm_description/share/arm_description//meshes/xarm7/visual
[0.852s] -- Installing: /home/alpha/DEV/Robot_Arm/install/arm_description/share/arm_description//meshes/xarm7/visual/link7.stl
[0.852s] -- Installing: /home/alpha/DEV/Robot_Arm/install/arm_description/share/arm_description//meshes/xarm7/visual/link6.stl
[0.852s] -- Installing: /home/alpha/DEV/Robot_Arm/install/arm_description/share/arm_description//meshes/xarm7/visual/link_base.stl
[0.852s] -- Installing: /home/alpha/DEV/Robot_Arm/install/arm_description/share/arm_description//meshes/xarm7/visual/link2.stl
[0.852s] -- Installing: /home/alpha/DEV/Robot_Arm/install/arm_description/share/arm_description//meshes/xarm7/visual/link5.stl
[0.852s] -- Installing: /home/alpha/DEV/Robot_Arm/install/arm_description/share/arm_description//meshes/xarm7/visual/link3.stl
[0.853s] -- Installing: /home/alpha/DEV/Robot_Arm/install/arm_description/share/arm_description//meshes/xarm7/visual/link1.stl
[0.853s] -- Installing: /home/alpha/DEV/Robot_Arm/install/arm_description/share/arm_description//meshes/xarm7/visual/link4.stl
[0.853s] -- Installing: /home/alpha/DEV/Robot_Arm/install/arm_description/share/arm_description//meshes/xarm7_mirror
[0.853s] -- Installing: /home/alpha/DEV/Robot_Arm/install/arm_description/share/arm_description//meshes/xarm7_mirror/visual
[0.853s] -- Installing: /home/alpha/DEV/Robot_Arm/install/arm_description/share/arm_description//meshes/xarm7_mirror/visual/link7.stl
[0.853s] -- Installing: /home/alpha/DEV/Robot_Arm/install/arm_description/share/arm_description//meshes/xarm7_mirror/visual/link6.stl
[0.853s] -- Installing: /home/alpha/DEV/Robot_Arm/install/arm_description/share/arm_description//meshes/xarm7_mirror/visual/link_base.stl
[0.854s] -- Installing: /home/alpha/DEV/Robot_Arm/install/arm_description/share/arm_description//meshes/xarm7_mirror/visual/link2.stl
[0.854s] -- Installing: /home/alpha/DEV/Robot_Arm/install/arm_description/share/arm_description//meshes/xarm7_mirror/visual/link5.stl
[0.854s] -- Installing: /home/alpha/DEV/Robot_Arm/install/arm_description/share/arm_description//meshes/xarm7_mirror/visual/link3.stl
[0.854s] -- Installing: /home/alpha/DEV/Robot_Arm/install/arm_description/share/arm_description//meshes/xarm7_mirror/visual/link1.stl
[0.854s] -- Installing: /home/alpha/DEV/Robot_Arm/install/arm_description/share/arm_description//meshes/xarm7_mirror/visual/link4.stl
[0.854s] -- Installing: /home/alpha/DEV/Robot_Arm/install/arm_description/share/arm_description//meshes/xarm7_mirror/collision
[0.854s] -- Installing: /home/alpha/DEV/Robot_Arm/install/arm_description/share/arm_description//meshes/xarm7_mirror/collision/link7.stl
[0.854s] -- Installing: /home/alpha/DEV/Robot_Arm/install/arm_description/share/arm_description//meshes/xarm7_mirror/collision/link6.stl
[0.855s] -- Installing: /home/alpha/DEV/Robot_Arm/install/arm_description/share/arm_description//meshes/xarm7_mirror/collision/link_base.stl
[0.855s] -- Installing: /home/alpha/DEV/Robot_Arm/install/arm_description/share/arm_description//meshes/xarm7_mirror/collision/link2.stl
[0.855s] -- Installing: /home/alpha/DEV/Robot_Arm/install/arm_description/share/arm_description//meshes/xarm7_mirror/collision/link5.stl
[0.855s] -- Installing: /home/alpha/DEV/Robot_Arm/install/arm_description/share/arm_description//meshes/xarm7_mirror/collision/link3.stl
[0.855s] -- Installing: /home/alpha/DEV/Robot_Arm/install/arm_description/share/arm_description//meshes/xarm7_mirror/collision/link1.stl
[0.855s] -- Installing: /home/alpha/DEV/Robot_Arm/install/arm_description/share/arm_description//meshes/xarm7_mirror/collision/link4.stl
[0.855s] -- Installing: /home/alpha/DEV/Robot_Arm/install/arm_description/share/arm_description//meshes/xarm6_1305
[0.855s] -- Installing: /home/alpha/DEV/Robot_Arm/install/arm_description/share/arm_description//meshes/xarm6_1305/visual
[0.855s] -- Installing: /home/alpha/DEV/Robot_Arm/install/arm_description/share/arm_description//meshes/xarm6_1305/visual/link6.dae
[0.856s] -- Installing: /home/alpha/DEV/Robot_Arm/install/arm_description/share/arm_description//meshes/xarm6_1305/visual/link6.stl
[0.856s] -- Installing: /home/alpha/DEV/Robot_Arm/install/arm_description/share/arm_description//meshes/xarm6_1305/visual/link_base.stl
[0.856s] -- Installing: /home/alpha/DEV/Robot_Arm/install/arm_description/share/arm_description//meshes/xarm6_1305/visual/link4.dae
[0.857s] -- Installing: /home/alpha/DEV/Robot_Arm/install/arm_description/share/arm_description//meshes/xarm6_1305/visual/link3.dae
[0.857s] -- Installing: /home/alpha/DEV/Robot_Arm/install/arm_description/share/arm_description//meshes/xarm6_1305/visual/link_base.dae
[0.857s] -- Installing: /home/alpha/DEV/Robot_Arm/install/arm_description/share/arm_description//meshes/xarm6_1305/visual/link2.stl
[0.857s] -- Installing: /home/alpha/DEV/Robot_Arm/install/arm_description/share/arm_description//meshes/xarm6_1305/visual/link5.stl
[0.857s] -- Installing: /home/alpha/DEV/Robot_Arm/install/arm_description/share/arm_description//meshes/xarm6_1305/visual/link3.stl
[0.858s] -- Installing: /home/alpha/DEV/Robot_Arm/install/arm_description/share/arm_description//meshes/xarm6_1305/visual/link5.dae
[0.858s] -- Installing: /home/alpha/DEV/Robot_Arm/install/arm_description/share/arm_description//meshes/xarm6_1305/visual/link1.stl
[0.858s] -- Installing: /home/alpha/DEV/Robot_Arm/install/arm_description/share/arm_description//meshes/xarm6_1305/visual/link4.stl
[0.858s] -- Installing: /home/alpha/DEV/Robot_Arm/install/arm_description/share/arm_description//meshes/xarm6_1305/visual/link1.dae
[0.859s] -- Installing: /home/alpha/DEV/Robot_Arm/install/arm_description/share/arm_description//meshes/xarm6_1305/visual/link2.dae
[0.859s] -- Installing: /home/alpha/DEV/Robot_Arm/install/arm_description/share/arm_description//meshes/xarm6_1305/collision
[0.859s] -- Installing: /home/alpha/DEV/Robot_Arm/install/arm_description/share/arm_description//meshes/xarm6_1305/collision/link5.obj
[0.859s] -- Installing: /home/alpha/DEV/Robot_Arm/install/arm_description/share/arm_description//meshes/xarm6_1305/collision/link6.obj
[0.859s] -- Installing: /home/alpha/DEV/Robot_Arm/install/arm_description/share/arm_description//meshes/xarm6_1305/collision/link1.obj
[0.859s] -- Installing: /home/alpha/DEV/Robot_Arm/install/arm_description/share/arm_description//meshes/xarm6_1305/collision/link2.obj
[0.859s] -- Installing: /home/alpha/DEV/Robot_Arm/install/arm_description/share/arm_description//meshes/xarm6_1305/collision/link3.obj
[0.859s] -- Installing: /home/alpha/DEV/Robot_Arm/install/arm_description/share/arm_description//meshes/xarm6_1305/collision/link_base.obj
[0.859s] -- Installing: /home/alpha/DEV/Robot_Arm/install/arm_description/share/arm_description//meshes/xarm6_1305/collision/link4.obj
[0.859s] -- Installing: /home/alpha/DEV/Robot_Arm/install/arm_description/share/arm_description//meshes/camera
[0.860s] -- Installing: /home/alpha/DEV/Robot_Arm/install/arm_description/share/arm_description//meshes/camera/realsense
[0.860s] -- Installing: /home/alpha/DEV/Robot_Arm/install/arm_description/share/arm_description//meshes/camera/realsense/visual
[0.860s] -- Installing: /home/alpha/DEV/Robot_Arm/install/arm_description/share/arm_description//meshes/camera/realsense/visual/d435_with_cam_stand.stl
[0.860s] -- Installing: /home/alpha/DEV/Robot_Arm/install/arm_description/share/arm_description//meshes/camera/realsense/collision
[0.860s] -- Installing: /home/alpha/DEV/Robot_Arm/install/arm_description/share/arm_description//meshes/camera/realsense/collision/d435_with_cam_stand.stl
[0.860s] -- Installing: /home/alpha/DEV/Robot_Arm/install/arm_description/share/arm_description//meshes/xarm7_1305
[0.861s] -- Installing: /home/alpha/DEV/Robot_Arm/install/arm_description/share/arm_description//meshes/xarm7_1305/visual
[0.861s] -- Installing: /home/alpha/DEV/Robot_Arm/install/arm_description/share/arm_description//meshes/xarm7_1305/visual/link6.dae
[0.862s] -- Installing: /home/alpha/DEV/Robot_Arm/install/arm_description/share/arm_description//meshes/xarm7_1305/visual/link7.stl
[0.862s] -- Installing: /home/alpha/DEV/Robot_Arm/install/arm_description/share/arm_description//meshes/xarm7_1305/visual/link6.stl
[0.862s] -- Installing: /home/alpha/DEV/Robot_Arm/install/arm_description/share/arm_description//meshes/xarm7_1305/visual/link_base.stl
[0.863s] -- Installing: /home/alpha/DEV/Robot_Arm/install/arm_description/share/arm_description//meshes/xarm7_1305/visual/link4.dae
[0.863s] -- Installing: /home/alpha/DEV/Robot_Arm/install/arm_description/share/arm_description//meshes/xarm7_1305/visual/link3.dae
[0.863s] -- Installing: /home/alpha/DEV/Robot_Arm/install/arm_description/share/arm_description//meshes/xarm7_1305/visual/link_base.dae
[0.863s] -- Installing: /home/alpha/DEV/Robot_Arm/install/arm_description/share/arm_description//meshes/xarm7_1305/visual/link2.stl
[0.864s] -- Installing: /home/alpha/DEV/Robot_Arm/install/arm_description/share/arm_description//meshes/xarm7_1305/visual/link5.stl
[0.864s] -- Installing: /home/alpha/DEV/Robot_Arm/install/arm_description/share/arm_description//meshes/xarm7_1305/visual/link3.stl
[0.864s] -- Installing: /home/alpha/DEV/Robot_Arm/install/arm_description/share/arm_description//meshes/xarm7_1305/visual/link5.dae
[0.865s] -- Installing: /home/alpha/DEV/Robot_Arm/install/arm_description/share/arm_description//meshes/xarm7_1305/visual/link7.dae
[0.865s] -- Installing: /home/alpha/DEV/Robot_Arm/install/arm_description/share/arm_description//meshes/xarm7_1305/visual/link1.stl
[0.865s] -- Installing: /home/alpha/DEV/Robot_Arm/install/arm_description/share/arm_description//meshes/xarm7_1305/visual/link4.stl
[0.865s] -- Installing: /home/alpha/DEV/Robot_Arm/install/arm_description/share/arm_description//meshes/xarm7_1305/visual/link1.dae
[0.866s] -- Installing: /home/alpha/DEV/Robot_Arm/install/arm_description/share/arm_description//meshes/xarm7_1305/visual/link2.dae
[0.867s] -- Installing: /home/alpha/DEV/Robot_Arm/install/arm_description/share/arm_description//meshes/xarm7_1305/collision
[0.867s] -- Installing: /home/alpha/DEV/Robot_Arm/install/arm_description/share/arm_description//meshes/xarm7_1305/collision/link5.obj
[0.867s] -- Installing: /home/alpha/DEV/Robot_Arm/install/arm_description/share/arm_description//meshes/xarm7_1305/collision/link6.obj
[0.867s] -- Installing: /home/alpha/DEV/Robot_Arm/install/arm_description/share/arm_description//meshes/xarm7_1305/collision/link1.obj
[0.867s] -- Installing: /home/alpha/DEV/Robot_Arm/install/arm_description/share/arm_description//meshes/xarm7_1305/collision/link2.obj
[0.867s] -- Installing: /home/alpha/DEV/Robot_Arm/install/arm_description/share/arm_description//meshes/xarm7_1305/collision/link7.obj
[0.867s] -- Installing: /home/alpha/DEV/Robot_Arm/install/arm_description/share/arm_description//meshes/xarm7_1305/collision/link3.obj
[0.867s] -- Installing: /home/alpha/DEV/Robot_Arm/install/arm_description/share/arm_description//meshes/xarm7_1305/collision/link_base.obj
[0.867s] -- Installing: /home/alpha/DEV/Robot_Arm/install/arm_description/share/arm_description//meshes/xarm7_1305/collision/link4.obj
[0.867s] -- Installing: /home/alpha/DEV/Robot_Arm/install/arm_description/share/arm_description//meshes/end_tool
[0.868s] -- Installing: /home/alpha/DEV/Robot_Arm/install/arm_description/share/arm_description//meshes/end_tool/visual
[0.868s] -- Installing: /home/alpha/DEV/Robot_Arm/install/arm_description/share/arm_description//meshes/end_tool/visual/end_tool_1300.stl
[0.868s] -- Installing: /home/alpha/DEV/Robot_Arm/install/arm_description/share/arm_description//meshes/end_tool/collision
[0.868s] -- Installing: /home/alpha/DEV/Robot_Arm/install/arm_description/share/arm_description//meshes/end_tool/collision/end_tool_1300.stl
[0.868s] -- Installing: /home/alpha/DEV/Robot_Arm/install/arm_description/share/arm_description//meshes/end_tool/collision/end_tool.stl
[0.868s] -- Installing: /home/alpha/DEV/Robot_Arm/install/arm_description/share/arm_description//meshes/uf850
[0.868s] -- Installing: /home/alpha/DEV/Robot_Arm/install/arm_description/share/arm_description//meshes/uf850/visual
[0.868s] -- Installing: /home/alpha/DEV/Robot_Arm/install/arm_description/share/arm_description//meshes/uf850/visual/link6.dae
[0.869s] -- Installing: /home/alpha/DEV/Robot_Arm/install/arm_description/share/arm_description//meshes/uf850/visual/link6.stl
[0.869s] -- Installing: /home/alpha/DEV/Robot_Arm/install/arm_description/share/arm_description//meshes/uf850/visual/link_base.stl
[0.869s] -- Installing: /home/alpha/DEV/Robot_Arm/install/arm_description/share/arm_description//meshes/uf850/visual/link4.dae
[0.869s] -- Installing: /home/alpha/DEV/Robot_Arm/install/arm_description/share/arm_description//meshes/uf850/visual/link3.dae
[0.870s] -- Installing: /home/alpha/DEV/Robot_Arm/install/arm_description/share/arm_description//meshes/uf850/visual/link_base.dae
[0.875s] -- Installing: /home/alpha/DEV/Robot_Arm/install/arm_description/share/arm_description//meshes/uf850/visual/link2.stl
[0.875s] -- Installing: /home/alpha/DEV/Robot_Arm/install/arm_description/share/arm_description//meshes/uf850/visual/link5.stl
[0.875s] -- Installing: /home/alpha/DEV/Robot_Arm/install/arm_description/share/arm_description//meshes/uf850/visual/link3.stl
[0.876s] -- Installing: /home/alpha/DEV/Robot_Arm/install/arm_description/share/arm_description//meshes/uf850/visual/link5.dae
[0.876s] -- Installing: /home/alpha/DEV/Robot_Arm/install/arm_description/share/arm_description//meshes/uf850/visual/link1.stl
[0.876s] -- Installing: /home/alpha/DEV/Robot_Arm/install/arm_description/share/arm_description//meshes/uf850/visual/link4.stl
[0.876s] -- Installing: /home/alpha/DEV/Robot_Arm/install/arm_description/share/arm_description//meshes/uf850/visual/link1.dae
[0.877s] -- Installing: /home/alpha/DEV/Robot_Arm/install/arm_description/share/arm_description//meshes/uf850/visual/link2.dae
[0.877s] -- Installing: /home/alpha/DEV/Robot_Arm/install/arm_description/share/arm_description//meshes/uf850/collision
[0.877s] -- Installing: /home/alpha/DEV/Robot_Arm/install/arm_description/share/arm_description//meshes/uf850/collision/link6.stl
[0.877s] -- Installing: /home/alpha/DEV/Robot_Arm/install/arm_description/share/arm_description//meshes/uf850/collision/link_base.stl
[0.877s] -- Installing: /home/alpha/DEV/Robot_Arm/install/arm_description/share/arm_description//meshes/uf850/collision/link2.stl
[0.877s] -- Installing: /home/alpha/DEV/Robot_Arm/install/arm_description/share/arm_description//meshes/uf850/collision/link5.stl
[0.877s] -- Installing: /home/alpha/DEV/Robot_Arm/install/arm_description/share/arm_description//meshes/uf850/collision/link3.stl
[0.877s] -- Installing: /home/alpha/DEV/Robot_Arm/install/arm_description/share/arm_description//meshes/uf850/collision/link1.stl
[0.877s] -- Installing: /home/alpha/DEV/Robot_Arm/install/arm_description/share/arm_description//meshes/uf850/collision/link4.stl
[0.877s] -- Installing: /home/alpha/DEV/Robot_Arm/install/arm_description/share/arm_description//meshes/vacuum_gripper
[0.877s] -- Installing: /home/alpha/DEV/Robot_Arm/install/arm_description/share/arm_description//meshes/vacuum_gripper/lite
[0.877s] -- Installing: /home/alpha/DEV/Robot_Arm/install/arm_description/share/arm_description//meshes/vacuum_gripper/lite/visual
[0.878s] -- Installing: /home/alpha/DEV/Robot_Arm/install/arm_description/share/arm_description//meshes/vacuum_gripper/lite/visual/vacuum_gripper_lite.dae
[0.878s] -- Installing: /home/alpha/DEV/Robot_Arm/install/arm_description/share/arm_description//meshes/vacuum_gripper/lite/visual/vacuum_gripper_lite.stl
[0.878s] -- Installing: /home/alpha/DEV/Robot_Arm/install/arm_description/share/arm_description//meshes/vacuum_gripper/lite/collision
[0.878s] -- Installing: /home/alpha/DEV/Robot_Arm/install/arm_description/share/arm_description//meshes/vacuum_gripper/lite/collision/vacuum_gripper_lite.stl
[0.878s] -- Installing: /home/alpha/DEV/Robot_Arm/install/arm_description/share/arm_description//meshes/vacuum_gripper/xarm
[0.878s] -- Installing: /home/alpha/DEV/Robot_Arm/install/arm_description/share/arm_description//meshes/vacuum_gripper/xarm/visual
[0.878s] -- Installing: /home/alpha/DEV/Robot_Arm/install/arm_description/share/arm_description//meshes/vacuum_gripper/xarm/visual/vacuum_gripper.stl
[0.879s] -- Installing: /home/alpha/DEV/Robot_Arm/install/arm_description/share/arm_description//meshes/vacuum_gripper/xarm/visual/vacuum_gripper.dae
[0.880s] -- Installing: /home/alpha/DEV/Robot_Arm/install/arm_description/share/arm_description//meshes/vacuum_gripper/xarm/collision
[0.880s] -- Installing: /home/alpha/DEV/Robot_Arm/install/arm_description/share/arm_description//meshes/vacuum_gripper/xarm/collision/vacuum_gripper.stl
[0.881s] -- Installing: /home/alpha/DEV/Robot_Arm/install/arm_description/share/arm_description//launch
[0.881s] -- Installing: /home/alpha/DEV/Robot_Arm/install/arm_description/share/arm_description//launch/xarm7_mirror_rviz_display.launch.py
[0.881s] -- Installing: /home/alpha/DEV/Robot_Arm/install/arm_description/share/arm_description//launch/_robot_description.launch.py
[0.881s] -- Installing: /home/alpha/DEV/Robot_Arm/install/arm_description/share/arm_description//launch/_robot_joint_state.launch.py
[0.881s] -- Installing: /home/alpha/DEV/Robot_Arm/install/arm_description/share/arm_description//launch/xarm6_rviz_display.launch.py
[0.881s] -- Installing: /home/alpha/DEV/Robot_Arm/install/arm_description/share/arm_description//launch/lib
[0.881s] -- Installing: /home/alpha/DEV/Robot_Arm/install/arm_description/share/arm_description//launch/lib/robot_description_lib.py
[0.881s] -- Installing: /home/alpha/DEV/Robot_Arm/install/arm_description/share/arm_description//launch/_robot_rviz_display.launch.py
[0.881s] -- Installing: /home/alpha/DEV/Robot_Arm/install/arm_description/share/arm_description//launch/xarm7_rviz_display.launch.py
[0.881s] -- Installing: /home/alpha/DEV/Robot_Arm/install/arm_description/share/arm_description//launch/lite6_rviz_display.launch.py
[0.881s] -- Installing: /home/alpha/DEV/Robot_Arm/install/arm_description/share/arm_description//launch/uf850_rviz_display.launch.py
[0.881s] -- Installing: /home/alpha/DEV/Robot_Arm/install/arm_description/share/arm_description//launch/xarm5_rviz_display.launch.py
[0.881s] -- Installing: /home/alpha/DEV/Robot_Arm/install/arm_description/share/arm_description//launch/_rviz_display.launch.py
[0.881s] -- Installing: /home/alpha/DEV/Robot_Arm/install/arm_description/share/ament_index/resource_index/package_run_dependencies/arm_description
[0.881s] -- Installing: /home/alpha/DEV/Robot_Arm/install/arm_description/share/ament_index/resource_index/parent_prefix_path/arm_description
[0.881s] -- Installing: /home/alpha/DEV/Robot_Arm/install/arm_description/share/arm_description/environment/ament_prefix_path.sh
[0.881s] -- Installing: /home/alpha/DEV/Robot_Arm/install/arm_description/share/arm_description/environment/ament_prefix_path.dsv
[0.881s] -- Installing: /home/alpha/DEV/Robot_Arm/install/arm_description/share/arm_description/environment/path.sh
[0.881s] -- Installing: /home/alpha/DEV/Robot_Arm/install/arm_description/share/arm_description/environment/path.dsv
[0.881s] -- Installing: /home/alpha/DEV/Robot_Arm/install/arm_description/share/arm_description/local_setup.bash
[0.881s] -- Installing: /home/alpha/DEV/Robot_Arm/install/arm_description/share/arm_description/local_setup.sh
[0.882s] -- Installing: /home/alpha/DEV/Robot_Arm/install/arm_description/share/arm_description/local_setup.zsh
[0.882s] -- Installing: /home/alpha/DEV/Robot_Arm/install/arm_description/share/arm_description/local_setup.dsv
[0.882s] -- Installing: /home/alpha/DEV/Robot_Arm/install/arm_description/share/arm_description/package.dsv
[0.882s] -- Installing: /home/alpha/DEV/Robot_Arm/install/arm_description/share/ament_index/resource_index/packages/arm_description
[0.882s] -- Installing: /home/alpha/DEV/Robot_Arm/install/arm_description/share/arm_description/cmake/arm_descriptionConfig.cmake
[0.882s] -- Installing: /home/alpha/DEV/Robot_Arm/install/arm_description/share/arm_description/cmake/arm_descriptionConfig-version.cmake
[0.882s] -- Installing: /home/alpha/DEV/Robot_Arm/install/arm_description/share/arm_description/package.xml
[0.883s] Invoked command in '/home/alpha/DEV/Robot_Arm/build/arm_description' returned '0': CMAKE_PREFIX_PATH=${CMAKE_PREFIX_PATH}:/home/alpha/DEV/Robot_Arm/install/uf_ros_lib:/opt/ros/jazzy DEBUGINFOD_URLS=https://debuginfod.ubuntu.com /usr/bin/cmake --install /home/alpha/DEV/Robot_Arm/build/arm_description
