[0.091s] DEBUG:colcon:Command line arguments: ['/usr/bin/colcon', 'build', '--executor', 'sequential', '--parallel-workers', '1']
[0.091s] DEBUG:colcon:Parsed command line arguments: Namespace(log_base=None, log_level=None, verb_name='build', build_base='build', install_base='install', merge_install=False, symlink_install=False, test_result_base=None, continue_on_error=False, executor='sequential', parallel_workers=1, event_handlers=None, ignore_user_meta=False, metas=['./colcon.meta'], base_paths=['.'], packages_ignore=None, packages_ignore_regex=None, paths=None, packages_up_to=None, packages_up_to_regex=None, packages_above=None, packages_above_and_dependencies=None, packages_above_depth=None, packages_select_by_dep=None, packages_skip_by_dep=None, packages_skip_up_to=None, packages_select_build_failed=False, packages_skip_build_finished=False, packages_select_test_failures=False, packages_skip_test_passed=False, packages_select=None, packages_skip=None, packages_select_regex=None, packages_skip_regex=None, packages_start=None, packages_end=None, allow_overriding=[], cmake_args=None, cmake_target=None, cmake_target_skip_unavailable=False, cmake_clean_cache=False, cmake_clean_first=False, cmake_force_configure=False, ament_cmake_args=None, catkin_cmake_args=None, catkin_skip_building_tests=False, mixin_files=None, mixin=None, verb_parser=<colcon_mixin.mixin.mixin_argument.MixinArgumentDecorator object at 0x72220d614380>, verb_extension=<colcon_core.verb.build.BuildVerb object at 0x72220d7efc80>, main=<bound method BuildVerb.main of <colcon_core.verb.build.BuildVerb object at 0x72220d7efc80>>, mixin_verb=('build',))
[0.131s] Level 1:colcon.colcon_core.package_discovery:discover_packages(colcon_meta) check parameters
[0.131s] Level 1:colcon.colcon_core.package_discovery:discover_packages(recursive) check parameters
[0.131s] Level 1:colcon.colcon_core.package_discovery:discover_packages(ignore) check parameters
[0.131s] Level 1:colcon.colcon_core.package_discovery:discover_packages(path) check parameters
[0.131s] Level 1:colcon.colcon_core.package_discovery:discover_packages(colcon_meta) discover
[0.132s] Level 1:colcon.colcon_core.package_discovery:discover_packages(recursive) discover
[0.132s] INFO:colcon.colcon_core.package_discovery:Crawling recursively for packages in '/home/alpha/DEV/Robot_Arm'
[0.132s] Level 1:colcon.colcon_core.package_identification:_identify(.) by extensions ['ignore', 'ignore_ament_install']
[0.132s] Level 1:colcon.colcon_core.package_identification:_identify(.) by extension 'ignore'
[0.132s] Level 1:colcon.colcon_core.package_identification:_identify(.) by extension 'ignore_ament_install'
[0.132s] Level 1:colcon.colcon_core.package_identification:_identify(.) by extensions ['colcon_pkg']
[0.132s] Level 1:colcon.colcon_core.package_identification:_identify(.) by extension 'colcon_pkg'
[0.132s] Level 1:colcon.colcon_core.package_identification:_identify(.) by extensions ['colcon_meta']
[0.132s] Level 1:colcon.colcon_core.package_identification:_identify(.) by extension 'colcon_meta'
[0.132s] Level 1:colcon.colcon_core.package_identification:_identify(.) by extensions ['ros']
[0.132s] Level 1:colcon.colcon_core.package_identification:_identify(.) by extension 'ros'
[0.149s] Level 1:colcon.colcon_core.package_identification:_identify(.) by extensions ['cmake', 'python']
[0.149s] Level 1:colcon.colcon_core.package_identification:_identify(.) by extension 'cmake'
[0.149s] Level 1:colcon.colcon_core.package_identification:_identify(.) by extension 'python'
[0.149s] Level 1:colcon.colcon_core.package_identification:_identify(.) by extensions ['python_setup_py']
[0.149s] Level 1:colcon.colcon_core.package_identification:_identify(.) by extension 'python_setup_py'
[0.149s] Level 1:colcon.colcon_core.package_identification:_identify(build) by extensions ['ignore', 'ignore_ament_install']
[0.149s] Level 1:colcon.colcon_core.package_identification:_identify(build) by extension 'ignore'
[0.149s] Level 1:colcon.colcon_core.package_identification:_identify(build) ignored
[0.149s] Level 1:colcon.colcon_core.package_identification:_identify(install) by extensions ['ignore', 'ignore_ament_install']
[0.149s] Level 1:colcon.colcon_core.package_identification:_identify(install) by extension 'ignore'
[0.149s] Level 1:colcon.colcon_core.package_identification:_identify(install) ignored
[0.149s] Level 1:colcon.colcon_core.package_identification:_identify(log) by extensions ['ignore', 'ignore_ament_install']
[0.149s] Level 1:colcon.colcon_core.package_identification:_identify(log) by extension 'ignore'
[0.149s] Level 1:colcon.colcon_core.package_identification:_identify(log) ignored
[0.149s] Level 1:colcon.colcon_core.package_identification:_identify(src) by extensions ['ignore', 'ignore_ament_install']
[0.149s] Level 1:colcon.colcon_core.package_identification:_identify(src) by extension 'ignore'
[0.149s] Level 1:colcon.colcon_core.package_identification:_identify(src) by extension 'ignore_ament_install'
[0.149s] Level 1:colcon.colcon_core.package_identification:_identify(src) by extensions ['colcon_pkg']
[0.149s] Level 1:colcon.colcon_core.package_identification:_identify(src) by extension 'colcon_pkg'
[0.149s] Level 1:colcon.colcon_core.package_identification:_identify(src) by extensions ['colcon_meta']
[0.149s] Level 1:colcon.colcon_core.package_identification:_identify(src) by extension 'colcon_meta'
[0.150s] Level 1:colcon.colcon_core.package_identification:_identify(src) by extensions ['ros']
[0.150s] Level 1:colcon.colcon_core.package_identification:_identify(src) by extension 'ros'
[0.150s] Level 1:colcon.colcon_core.package_identification:_identify(src) by extensions ['cmake', 'python']
[0.150s] Level 1:colcon.colcon_core.package_identification:_identify(src) by extension 'cmake'
[0.150s] Level 1:colcon.colcon_core.package_identification:_identify(src) by extension 'python'
[0.150s] Level 1:colcon.colcon_core.package_identification:_identify(src) by extensions ['python_setup_py']
[0.150s] Level 1:colcon.colcon_core.package_identification:_identify(src) by extension 'python_setup_py'
[0.150s] Level 1:colcon.colcon_core.package_identification:_identify(src/arm_description) by extensions ['ignore', 'ignore_ament_install']
[0.150s] Level 1:colcon.colcon_core.package_identification:_identify(src/arm_description) by extension 'ignore'
[0.150s] Level 1:colcon.colcon_core.package_identification:_identify(src/arm_description) by extension 'ignore_ament_install'
[0.150s] Level 1:colcon.colcon_core.package_identification:_identify(src/arm_description) by extensions ['colcon_pkg']
[0.150s] Level 1:colcon.colcon_core.package_identification:_identify(src/arm_description) by extension 'colcon_pkg'
[0.150s] Level 1:colcon.colcon_core.package_identification:_identify(src/arm_description) by extensions ['colcon_meta']
[0.150s] Level 1:colcon.colcon_core.package_identification:_identify(src/arm_description) by extension 'colcon_meta'
[0.150s] Level 1:colcon.colcon_core.package_identification:_identify(src/arm_description) by extensions ['ros']
[0.150s] Level 1:colcon.colcon_core.package_identification:_identify(src/arm_description) by extension 'ros'
[0.151s] DEBUG:colcon.colcon_core.package_identification:Package 'src/arm_description' with type 'ros.ament_cmake' and name 'arm_description'
[0.151s] Level 1:colcon.colcon_core.package_identification:_identify(src/uf_ros_lib) by extensions ['ignore', 'ignore_ament_install']
[0.152s] Level 1:colcon.colcon_core.package_identification:_identify(src/uf_ros_lib) by extension 'ignore'
[0.152s] Level 1:colcon.colcon_core.package_identification:_identify(src/uf_ros_lib) by extension 'ignore_ament_install'
[0.152s] Level 1:colcon.colcon_core.package_identification:_identify(src/uf_ros_lib) by extensions ['colcon_pkg']
[0.152s] Level 1:colcon.colcon_core.package_identification:_identify(src/uf_ros_lib) by extension 'colcon_pkg'
[0.152s] Level 1:colcon.colcon_core.package_identification:_identify(src/uf_ros_lib) by extensions ['colcon_meta']
[0.152s] Level 1:colcon.colcon_core.package_identification:_identify(src/uf_ros_lib) by extension 'colcon_meta'
[0.152s] Level 1:colcon.colcon_core.package_identification:_identify(src/uf_ros_lib) by extensions ['ros']
[0.152s] Level 1:colcon.colcon_core.package_identification:_identify(src/uf_ros_lib) by extension 'ros'
[0.152s] DEBUG:colcon.colcon_core.package_identification:Package 'src/uf_ros_lib' with type 'ros.ament_python' and name 'uf_ros_lib'
[0.152s] Level 1:colcon.colcon_core.package_discovery:discover_packages(recursive) using defaults
[0.152s] Level 1:colcon.colcon_core.package_discovery:discover_packages(ignore) discover
[0.152s] Level 1:colcon.colcon_core.package_discovery:discover_packages(ignore) using defaults
[0.152s] Level 1:colcon.colcon_core.package_discovery:discover_packages(path) discover
[0.152s] Level 1:colcon.colcon_core.package_discovery:discover_packages(path) using defaults
[0.164s] Level 1:colcon.colcon_core.package_discovery:discover_packages(prefix_path) check parameters
[0.164s] Level 1:colcon.colcon_core.package_discovery:discover_packages(prefix_path) discover
[0.164s] WARNING:colcon.colcon_ros.prefix_path.ament:The path '/home/alpha/DEV/Robot_Arm/install/uf_ros_lib' in the environment variable AMENT_PREFIX_PATH doesn't exist
[0.164s] WARNING:colcon.colcon_ros.prefix_path.ament:The path '/home/alpha/DEV/Robot_Arm/install/arm_description' in the environment variable AMENT_PREFIX_PATH doesn't exist
[0.164s] WARNING:colcon.colcon_ros.prefix_path.catkin:The path '/home/alpha/DEV/Robot_Arm/install/arm_description' in the environment variable CMAKE_PREFIX_PATH doesn't exist
[0.165s] DEBUG:colcon.colcon_installed_package_information.package_discovery:Found 0 installed packages in /home/alpha/DEV/Robot_Arm/install
[0.166s] DEBUG:colcon.colcon_installed_package_information.package_discovery:Found 418 installed packages in /opt/ros/jazzy
[0.167s] Level 1:colcon.colcon_core.package_discovery:discover_packages(prefix_path) using defaults
[0.198s] Level 5:colcon.colcon_core.verb:set package 'arm_description' build argument 'cmake_args' from command line to 'None'
[0.198s] Level 5:colcon.colcon_core.verb:set package 'arm_description' build argument 'cmake_target' from command line to 'None'
[0.198s] Level 5:colcon.colcon_core.verb:set package 'arm_description' build argument 'cmake_target_skip_unavailable' from command line to 'False'
[0.198s] Level 5:colcon.colcon_core.verb:set package 'arm_description' build argument 'cmake_clean_cache' from command line to 'False'
[0.198s] Level 5:colcon.colcon_core.verb:set package 'arm_description' build argument 'cmake_clean_first' from command line to 'False'
[0.198s] Level 5:colcon.colcon_core.verb:set package 'arm_description' build argument 'cmake_force_configure' from command line to 'False'
[0.198s] Level 5:colcon.colcon_core.verb:set package 'arm_description' build argument 'ament_cmake_args' from command line to 'None'
[0.198s] Level 5:colcon.colcon_core.verb:set package 'arm_description' build argument 'catkin_cmake_args' from command line to 'None'
[0.198s] Level 5:colcon.colcon_core.verb:set package 'arm_description' build argument 'catkin_skip_building_tests' from command line to 'False'
[0.199s] DEBUG:colcon.colcon_core.verb:Building package 'arm_description' with the following arguments: {'ament_cmake_args': None, 'build_base': '/home/alpha/DEV/Robot_Arm/build/arm_description', 'catkin_cmake_args': None, 'catkin_skip_building_tests': False, 'cmake_args': None, 'cmake_clean_cache': False, 'cmake_clean_first': False, 'cmake_force_configure': False, 'cmake_target': None, 'cmake_target_skip_unavailable': False, 'install_base': '/home/alpha/DEV/Robot_Arm/install/arm_description', 'merge_install': False, 'path': '/home/alpha/DEV/Robot_Arm/src/arm_description', 'symlink_install': False, 'test_result_base': None}
[0.199s] Level 5:colcon.colcon_core.verb:set package 'uf_ros_lib' build argument 'cmake_args' from command line to 'None'
[0.199s] Level 5:colcon.colcon_core.verb:set package 'uf_ros_lib' build argument 'cmake_target' from command line to 'None'
[0.199s] Level 5:colcon.colcon_core.verb:set package 'uf_ros_lib' build argument 'cmake_target_skip_unavailable' from command line to 'False'
[0.199s] Level 5:colcon.colcon_core.verb:set package 'uf_ros_lib' build argument 'cmake_clean_cache' from command line to 'False'
[0.199s] Level 5:colcon.colcon_core.verb:set package 'uf_ros_lib' build argument 'cmake_clean_first' from command line to 'False'
[0.199s] Level 5:colcon.colcon_core.verb:set package 'uf_ros_lib' build argument 'cmake_force_configure' from command line to 'False'
[0.199s] Level 5:colcon.colcon_core.verb:set package 'uf_ros_lib' build argument 'ament_cmake_args' from command line to 'None'
[0.199s] Level 5:colcon.colcon_core.verb:set package 'uf_ros_lib' build argument 'catkin_cmake_args' from command line to 'None'
[0.199s] Level 5:colcon.colcon_core.verb:set package 'uf_ros_lib' build argument 'catkin_skip_building_tests' from command line to 'False'
[0.199s] DEBUG:colcon.colcon_core.verb:Building package 'uf_ros_lib' with the following arguments: {'ament_cmake_args': None, 'build_base': '/home/alpha/DEV/Robot_Arm/build/uf_ros_lib', 'catkin_cmake_args': None, 'catkin_skip_building_tests': False, 'cmake_args': None, 'cmake_clean_cache': False, 'cmake_clean_first': False, 'cmake_force_configure': False, 'cmake_target': None, 'cmake_target_skip_unavailable': False, 'install_base': '/home/alpha/DEV/Robot_Arm/install/uf_ros_lib', 'merge_install': False, 'path': '/home/alpha/DEV/Robot_Arm/src/uf_ros_lib', 'symlink_install': False, 'test_result_base': None}
[0.199s] INFO:colcon.colcon_core.executor:Executing jobs using 'sequential' executor
[0.200s] DEBUG:colcon.colcon_core.executor.sequential:run_until_complete 'arm_description'
[0.200s] INFO:colcon.colcon_ros.task.ament_cmake.build:Building ROS package in '/home/alpha/DEV/Robot_Arm/src/arm_description' with build type 'ament_cmake'
[0.200s] INFO:colcon.colcon_cmake.task.cmake.build:Building CMake package in '/home/alpha/DEV/Robot_Arm/src/arm_description'
[0.201s] INFO:colcon.colcon_core.plugin_system:Skipping extension 'colcon_core.shell.bat': Not used on non-Windows systems
[0.201s] INFO:colcon.colcon_core.shell:Skip shell extension 'powershell' for command environment: Not usable outside of PowerShell
[0.201s] DEBUG:colcon.colcon_core.shell:Skip shell extension 'dsv' for command environment
[0.207s] DEBUG:colcon.colcon_core.event_handler.log_command:Invoking command in '/home/alpha/DEV/Robot_Arm/build/arm_description': CMAKE_PREFIX_PATH=${CMAKE_PREFIX_PATH}:/home/alpha/DEV/Robot_Arm/install/uf_ros_lib:/opt/ros/jazzy DEBUGINFOD_URLS=https://debuginfod.ubuntu.com /usr/bin/cmake /home/alpha/DEV/Robot_Arm/src/arm_description -DCMAKE_INSTALL_PREFIX=/home/alpha/DEV/Robot_Arm/install/arm_description
[0.955s] DEBUG:colcon.colcon_core.event_handler.log_command:Invoked command in '/home/alpha/DEV/Robot_Arm/build/arm_description' returned '0': CMAKE_PREFIX_PATH=${CMAKE_PREFIX_PATH}:/home/alpha/DEV/Robot_Arm/install/uf_ros_lib:/opt/ros/jazzy DEBUGINFOD_URLS=https://debuginfod.ubuntu.com /usr/bin/cmake /home/alpha/DEV/Robot_Arm/src/arm_description -DCMAKE_INSTALL_PREFIX=/home/alpha/DEV/Robot_Arm/install/arm_description
[0.955s] DEBUG:colcon.colcon_core.event_handler.log_command:Invoking command in '/home/alpha/DEV/Robot_Arm/build/arm_description': CMAKE_PREFIX_PATH=${CMAKE_PREFIX_PATH}:/home/alpha/DEV/Robot_Arm/install/uf_ros_lib:/opt/ros/jazzy DEBUGINFOD_URLS=https://debuginfod.ubuntu.com /usr/bin/cmake --build /home/alpha/DEV/Robot_Arm/build/arm_description -- -j20 -l20
[0.997s] DEBUG:colcon.colcon_core.event_handler.log_command:Invoked command in '/home/alpha/DEV/Robot_Arm/build/arm_description' returned '0': CMAKE_PREFIX_PATH=${CMAKE_PREFIX_PATH}:/home/alpha/DEV/Robot_Arm/install/uf_ros_lib:/opt/ros/jazzy DEBUGINFOD_URLS=https://debuginfod.ubuntu.com /usr/bin/cmake --build /home/alpha/DEV/Robot_Arm/build/arm_description -- -j20 -l20
[1.007s] DEBUG:colcon.colcon_core.event_handler.log_command:Invoking command in '/home/alpha/DEV/Robot_Arm/build/arm_description': CMAKE_PREFIX_PATH=${CMAKE_PREFIX_PATH}:/home/alpha/DEV/Robot_Arm/install/uf_ros_lib:/opt/ros/jazzy DEBUGINFOD_URLS=https://debuginfod.ubuntu.com /usr/bin/cmake --install /home/alpha/DEV/Robot_Arm/build/arm_description
[1.084s] Level 1:colcon.colcon_core.environment:create_environment_scripts_only(arm_description)
[1.084s] DEBUG:colcon.colcon_core.event_handler.log_command:Invoked command in '/home/alpha/DEV/Robot_Arm/build/arm_description' returned '0': CMAKE_PREFIX_PATH=${CMAKE_PREFIX_PATH}:/home/alpha/DEV/Robot_Arm/install/uf_ros_lib:/opt/ros/jazzy DEBUGINFOD_URLS=https://debuginfod.ubuntu.com /usr/bin/cmake --install /home/alpha/DEV/Robot_Arm/build/arm_description
[1.085s] Level 1:colcon.colcon_core.environment:checking '/home/alpha/DEV/Robot_Arm/install/arm_description' for CMake module files
[1.085s] Level 1:colcon.colcon_core.environment:checking '/home/alpha/DEV/Robot_Arm/install/arm_description' for CMake config files
[1.086s] Level 1:colcon.colcon_core.shell:create_environment_hook('arm_description', 'cmake_prefix_path')
[1.086s] INFO:colcon.colcon_core.shell:Creating environment hook '/home/alpha/DEV/Robot_Arm/install/arm_description/share/arm_description/hook/cmake_prefix_path.ps1'
[1.086s] INFO:colcon.colcon_core.shell:Creating environment descriptor '/home/alpha/DEV/Robot_Arm/install/arm_description/share/arm_description/hook/cmake_prefix_path.dsv'
[1.086s] INFO:colcon.colcon_core.shell:Creating environment hook '/home/alpha/DEV/Robot_Arm/install/arm_description/share/arm_description/hook/cmake_prefix_path.sh'
[1.087s] Level 1:colcon.colcon_core.environment:checking '/home/alpha/DEV/Robot_Arm/install/arm_description/bin'
[1.087s] Level 1:colcon.colcon_core.environment:checking '/home/alpha/DEV/Robot_Arm/install/arm_description/lib/pkgconfig/arm_description.pc'
[1.087s] Level 1:colcon.colcon_core.environment:checking '/home/alpha/DEV/Robot_Arm/install/arm_description/lib/python3.12/site-packages'
[1.087s] Level 1:colcon.colcon_core.environment:checking '/home/alpha/DEV/Robot_Arm/install/arm_description/bin'
[1.087s] INFO:colcon.colcon_core.shell:Creating package script '/home/alpha/DEV/Robot_Arm/install/arm_description/share/arm_description/package.ps1'
[1.088s] INFO:colcon.colcon_core.shell:Creating package descriptor '/home/alpha/DEV/Robot_Arm/install/arm_description/share/arm_description/package.dsv'
[1.088s] INFO:colcon.colcon_core.shell:Creating package script '/home/alpha/DEV/Robot_Arm/install/arm_description/share/arm_description/package.sh'
[1.089s] INFO:colcon.colcon_core.shell:Creating package script '/home/alpha/DEV/Robot_Arm/install/arm_description/share/arm_description/package.bash'
[1.089s] INFO:colcon.colcon_core.shell:Creating package script '/home/alpha/DEV/Robot_Arm/install/arm_description/share/arm_description/package.zsh'
[1.089s] Level 1:colcon.colcon_core.environment:create_file_with_runtime_dependencies(/home/alpha/DEV/Robot_Arm/install/arm_description/share/colcon-core/packages/arm_description)
[1.089s] Level 1:colcon.colcon_core.environment:create_environment_scripts_only(arm_description)
[1.090s] Level 1:colcon.colcon_core.environment:checking '/home/alpha/DEV/Robot_Arm/install/arm_description' for CMake module files
[1.090s] Level 1:colcon.colcon_core.environment:checking '/home/alpha/DEV/Robot_Arm/install/arm_description' for CMake config files
[1.090s] Level 1:colcon.colcon_core.shell:create_environment_hook('arm_description', 'cmake_prefix_path')
[1.090s] INFO:colcon.colcon_core.shell:Creating environment hook '/home/alpha/DEV/Robot_Arm/install/arm_description/share/arm_description/hook/cmake_prefix_path.ps1'
[1.090s] INFO:colcon.colcon_core.shell:Creating environment descriptor '/home/alpha/DEV/Robot_Arm/install/arm_description/share/arm_description/hook/cmake_prefix_path.dsv'
[1.091s] INFO:colcon.colcon_core.shell:Creating environment hook '/home/alpha/DEV/Robot_Arm/install/arm_description/share/arm_description/hook/cmake_prefix_path.sh'
[1.091s] Level 1:colcon.colcon_core.environment:checking '/home/alpha/DEV/Robot_Arm/install/arm_description/bin'
[1.091s] Level 1:colcon.colcon_core.environment:checking '/home/alpha/DEV/Robot_Arm/install/arm_description/lib/pkgconfig/arm_description.pc'
[1.091s] Level 1:colcon.colcon_core.environment:checking '/home/alpha/DEV/Robot_Arm/install/arm_description/lib/python3.12/site-packages'
[1.091s] Level 1:colcon.colcon_core.environment:checking '/home/alpha/DEV/Robot_Arm/install/arm_description/bin'
[1.091s] INFO:colcon.colcon_core.shell:Creating package script '/home/alpha/DEV/Robot_Arm/install/arm_description/share/arm_description/package.ps1'
[1.092s] INFO:colcon.colcon_core.shell:Creating package descriptor '/home/alpha/DEV/Robot_Arm/install/arm_description/share/arm_description/package.dsv'
[1.097s] INFO:colcon.colcon_core.shell:Creating package script '/home/alpha/DEV/Robot_Arm/install/arm_description/share/arm_description/package.sh'
[1.098s] INFO:colcon.colcon_core.shell:Creating package script '/home/alpha/DEV/Robot_Arm/install/arm_description/share/arm_description/package.bash'
[1.098s] INFO:colcon.colcon_core.shell:Creating package script '/home/alpha/DEV/Robot_Arm/install/arm_description/share/arm_description/package.zsh'
[1.098s] Level 1:colcon.colcon_core.environment:create_file_with_runtime_dependencies(/home/alpha/DEV/Robot_Arm/install/arm_description/share/colcon-core/packages/arm_description)
[1.098s] DEBUG:colcon.colcon_core.executor.sequential:run_until_complete 'arm_description' finished with '0'
[1.098s] DEBUG:colcon.colcon_core.executor.sequential:run_until_complete 'uf_ros_lib'
[1.098s] INFO:colcon.colcon_ros.task.ament_python.build:Building ROS package in '/home/alpha/DEV/Robot_Arm/src/uf_ros_lib' with build type 'ament_python'
[1.098s] Level 1:colcon.colcon_core.shell:create_environment_hook('uf_ros_lib', 'ament_prefix_path')
[1.098s] INFO:colcon.colcon_core.shell:Creating environment hook '/home/alpha/DEV/Robot_Arm/install/uf_ros_lib/share/uf_ros_lib/hook/ament_prefix_path.ps1'
[1.099s] INFO:colcon.colcon_core.shell:Creating environment descriptor '/home/alpha/DEV/Robot_Arm/install/uf_ros_lib/share/uf_ros_lib/hook/ament_prefix_path.dsv'
[1.099s] INFO:colcon.colcon_core.shell:Creating environment hook '/home/alpha/DEV/Robot_Arm/install/uf_ros_lib/share/uf_ros_lib/hook/ament_prefix_path.sh'
[1.099s] INFO:colcon.colcon_core.shell:Skip shell extension 'powershell' for command environment: Not usable outside of PowerShell
[1.099s] DEBUG:colcon.colcon_core.shell:Skip shell extension 'dsv' for command environment
[1.305s] INFO:colcon.colcon_core.task.python.build:Building Python package in '/home/alpha/DEV/Robot_Arm/src/uf_ros_lib'
[1.305s] INFO:colcon.colcon_core.shell:Skip shell extension 'powershell' for command environment: Not usable outside of PowerShell
[1.306s] DEBUG:colcon.colcon_core.shell:Skip shell extension 'dsv' for command environment
[1.821s] DEBUG:colcon.colcon_core.task.python.build:Available setuptools commands: dist_info, rotate, clean, update_catalog, bdist, bdist_egg, saveopts, alias, build_py, symlink_data, bdist_rpm, install_lib, install, build_clib, install_data, egg_info, easy_install, build, install_egg_info, bdist_wheel, build_scripts, install_headers, extract_messages, sdist, compile_catalog, develop, setopt, install_scripts, bdist_dumb, init_catalog, check, editable_wheel, build_ext
[1.822s] DEBUG:colcon.colcon_core.event_handler.log_command:Invoking command in '/home/alpha/DEV/Robot_Arm/src/uf_ros_lib': DEBUGINFOD_URLS=https://debuginfod.ubuntu.com PYTHONPATH=/home/alpha/DEV/Robot_Arm/build/uf_ros_lib/prefix_override:/usr/lib/python3/dist-packages/colcon_core/task/python/colcon_distutils_commands:/home/alpha/DEV/Robot_Arm/install/uf_ros_lib/lib/python3.12/site-packages:${PYTHONPATH} /usr/bin/python3 -W ignore:setup.py install is deprecated -W ignore:easy_install command is deprecated setup.py egg_info --egg-base ../../build/uf_ros_lib build --build-base /home/alpha/DEV/Robot_Arm/build/uf_ros_lib/build install --record /home/alpha/DEV/Robot_Arm/build/uf_ros_lib/install.log --install-scripts $base/lib/uf_ros_lib --single-version-externally-managed install_data
[2.298s] Level 1:colcon.colcon_core.environment:checking '/home/alpha/DEV/Robot_Arm/install/uf_ros_lib' for CMake module files
[2.298s] DEBUG:colcon.colcon_core.event_handler.log_command:Invoked command in '/home/alpha/DEV/Robot_Arm/src/uf_ros_lib' returned '0': DEBUGINFOD_URLS=https://debuginfod.ubuntu.com PYTHONPATH=/home/alpha/DEV/Robot_Arm/build/uf_ros_lib/prefix_override:/usr/lib/python3/dist-packages/colcon_core/task/python/colcon_distutils_commands:/home/alpha/DEV/Robot_Arm/install/uf_ros_lib/lib/python3.12/site-packages:${PYTHONPATH} /usr/bin/python3 -W ignore:setup.py install is deprecated -W ignore:easy_install command is deprecated setup.py egg_info --egg-base ../../build/uf_ros_lib build --build-base /home/alpha/DEV/Robot_Arm/build/uf_ros_lib/build install --record /home/alpha/DEV/Robot_Arm/build/uf_ros_lib/install.log --install-scripts $base/lib/uf_ros_lib --single-version-externally-managed install_data
[2.298s] Level 1:colcon.colcon_core.environment:checking '/home/alpha/DEV/Robot_Arm/install/uf_ros_lib' for CMake config files
[2.299s] Level 1:colcon.colcon_core.environment:checking '/home/alpha/DEV/Robot_Arm/install/uf_ros_lib/lib'
[2.299s] Level 1:colcon.colcon_core.environment:checking '/home/alpha/DEV/Robot_Arm/install/uf_ros_lib/bin'
[2.299s] Level 1:colcon.colcon_core.environment:checking '/home/alpha/DEV/Robot_Arm/install/uf_ros_lib/lib/pkgconfig/uf_ros_lib.pc'
[2.299s] Level 1:colcon.colcon_core.environment:checking '/home/alpha/DEV/Robot_Arm/install/uf_ros_lib/lib/python3.12/site-packages'
[2.299s] Level 1:colcon.colcon_core.shell:create_environment_hook('uf_ros_lib', 'pythonpath')
[2.299s] INFO:colcon.colcon_core.shell:Creating environment hook '/home/alpha/DEV/Robot_Arm/install/uf_ros_lib/share/uf_ros_lib/hook/pythonpath.ps1'
[2.299s] INFO:colcon.colcon_core.shell:Creating environment descriptor '/home/alpha/DEV/Robot_Arm/install/uf_ros_lib/share/uf_ros_lib/hook/pythonpath.dsv'
[2.299s] INFO:colcon.colcon_core.shell:Creating environment hook '/home/alpha/DEV/Robot_Arm/install/uf_ros_lib/share/uf_ros_lib/hook/pythonpath.sh'
[2.300s] Level 1:colcon.colcon_core.environment:checking '/home/alpha/DEV/Robot_Arm/install/uf_ros_lib/bin'
[2.300s] Level 1:colcon.colcon_core.environment:create_environment_scripts_only(uf_ros_lib)
[2.300s] INFO:colcon.colcon_core.shell:Creating package script '/home/alpha/DEV/Robot_Arm/install/uf_ros_lib/share/uf_ros_lib/package.ps1'
[2.300s] INFO:colcon.colcon_core.shell:Creating package descriptor '/home/alpha/DEV/Robot_Arm/install/uf_ros_lib/share/uf_ros_lib/package.dsv'
[2.301s] INFO:colcon.colcon_core.shell:Creating package script '/home/alpha/DEV/Robot_Arm/install/uf_ros_lib/share/uf_ros_lib/package.sh'
[2.301s] INFO:colcon.colcon_core.shell:Creating package script '/home/alpha/DEV/Robot_Arm/install/uf_ros_lib/share/uf_ros_lib/package.bash'
[2.301s] INFO:colcon.colcon_core.shell:Creating package script '/home/alpha/DEV/Robot_Arm/install/uf_ros_lib/share/uf_ros_lib/package.zsh'
[2.301s] Level 1:colcon.colcon_core.environment:create_file_with_runtime_dependencies(/home/alpha/DEV/Robot_Arm/install/uf_ros_lib/share/colcon-core/packages/uf_ros_lib)
[2.301s] DEBUG:colcon.colcon_core.executor.sequential:run_until_complete 'uf_ros_lib' finished with '0'
[2.301s] DEBUG:colcon.colcon_core.executor.sequential:closing loop
[2.301s] DEBUG:colcon.colcon_core.executor.sequential:loop closed
[2.301s] DEBUG:colcon.colcon_core.event_reactor:joining thread
[2.306s] INFO:colcon.colcon_core.plugin_system:Skipping extension 'colcon_notification.desktop_notification.terminal_notifier': Not used on non-Darwin systems
[2.306s] INFO:colcon.colcon_core.plugin_system:Skipping extension 'colcon_notification.desktop_notification.win32': Not used on non-Windows systems
[2.306s] INFO:colcon.colcon_notification.desktop_notification:Sending desktop notification using 'notify2'
[2.317s] DEBUG:colcon.colcon_core.event_reactor:joined thread
[2.317s] INFO:colcon.colcon_core.shell:Creating prefix script '/home/alpha/DEV/Robot_Arm/install/local_setup.ps1'
[2.318s] INFO:colcon.colcon_core.shell:Creating prefix util module '/home/alpha/DEV/Robot_Arm/install/_local_setup_util_ps1.py'
[2.318s] INFO:colcon.colcon_core.shell:Creating prefix chain script '/home/alpha/DEV/Robot_Arm/install/setup.ps1'
[2.319s] INFO:colcon.colcon_core.shell:Creating prefix script '/home/alpha/DEV/Robot_Arm/install/local_setup.sh'
[2.319s] INFO:colcon.colcon_core.shell:Creating prefix util module '/home/alpha/DEV/Robot_Arm/install/_local_setup_util_sh.py'
[2.319s] INFO:colcon.colcon_core.shell:Creating prefix chain script '/home/alpha/DEV/Robot_Arm/install/setup.sh'
[2.320s] INFO:colcon.colcon_core.shell:Creating prefix script '/home/alpha/DEV/Robot_Arm/install/local_setup.bash'
[2.320s] INFO:colcon.colcon_core.shell:Creating prefix chain script '/home/alpha/DEV/Robot_Arm/install/setup.bash'
[2.321s] INFO:colcon.colcon_core.shell:Creating prefix script '/home/alpha/DEV/Robot_Arm/install/local_setup.zsh'
[2.330s] INFO:colcon.colcon_core.shell:Creating prefix chain script '/home/alpha/DEV/Robot_Arm/install/setup.zsh'
