[0.724s] Invoking command in '/home/alpha/DEV/Robot_Arm/src/uf_ros_lib': DEBUGINFOD_URLS=https://debuginfod.ubuntu.com PYTHONPATH=/home/alpha/DEV/Robot_Arm/build/uf_ros_lib/prefix_override:/usr/lib/python3/dist-packages/colcon_core/task/python/colcon_distutils_commands:/home/alpha/DEV/Robot_Arm/install/uf_ros_lib/lib/python3.12/site-packages:${PYTHONPATH} /usr/bin/python3 -W ignore:setup.py install is deprecated -W ignore:easy_install command is deprecated setup.py egg_info --egg-base ../../build/uf_ros_lib build --build-base /home/alpha/DEV/Robot_Arm/build/uf_ros_lib/build install --record /home/alpha/DEV/Robot_Arm/build/uf_ros_lib/install.log --install-scripts $base/lib/uf_ros_lib --single-version-externally-managed install_data
[0.864s] /home/alpha/.local/lib/python3.12/site-packages/setuptools/_distutils/dist.py:289: UserWarning: Unknown distribution option: 'tests_require'
[0.865s]   warnings.warn(msg)
[0.975s] running egg_info
[0.993s] creating ../../build/uf_ros_lib/uf_ros_lib.egg-info
[0.994s] writing ../../build/uf_ros_lib/uf_ros_lib.egg-info/PKG-INFO
[0.994s] writing dependency_links to ../../build/uf_ros_lib/uf_ros_lib.egg-info/dependency_links.txt
[0.994s] writing requirements to ../../build/uf_ros_lib/uf_ros_lib.egg-info/requires.txt
[0.994s] writing top-level names to ../../build/uf_ros_lib/uf_ros_lib.egg-info/top_level.txt
[0.994s] writing manifest file '../../build/uf_ros_lib/uf_ros_lib.egg-info/SOURCES.txt'
[1.032s] reading manifest file '../../build/uf_ros_lib/uf_ros_lib.egg-info/SOURCES.txt'
[1.032s] writing manifest file '../../build/uf_ros_lib/uf_ros_lib.egg-info/SOURCES.txt'
[1.032s] running build
[1.033s] running build_py
[1.033s] creating /home/alpha/DEV/Robot_Arm/build/uf_ros_lib/build/lib/uf_ros_lib
[1.033s] copying uf_ros_lib/moveit_configs_builder.py -> /home/alpha/DEV/Robot_Arm/build/uf_ros_lib/build/lib/uf_ros_lib
[1.033s] copying uf_ros_lib/parameter_descriptions.py -> /home/alpha/DEV/Robot_Arm/build/uf_ros_lib/build/lib/uf_ros_lib
[1.033s] copying uf_ros_lib/uf_robot_utils.py -> /home/alpha/DEV/Robot_Arm/build/uf_ros_lib/build/lib/uf_ros_lib
[1.033s] copying uf_ros_lib/__init__.py -> /home/alpha/DEV/Robot_Arm/build/uf_ros_lib/build/lib/uf_ros_lib
[1.033s] creating /home/alpha/DEV/Robot_Arm/build/uf_ros_lib/build/lib/uf_ros_lib/substitutions
[1.033s] copying uf_ros_lib/substitutions/controllers.py -> /home/alpha/DEV/Robot_Arm/build/uf_ros_lib/build/lib/uf_ros_lib/substitutions
[1.033s] copying uf_ros_lib/substitutions/common.py -> /home/alpha/DEV/Robot_Arm/build/uf_ros_lib/build/lib/uf_ros_lib/substitutions
[1.033s] copying uf_ros_lib/substitutions/kinematics.py -> /home/alpha/DEV/Robot_Arm/build/uf_ros_lib/build/lib/uf_ros_lib/substitutions
[1.033s] copying uf_ros_lib/substitutions/joint_limits.py -> /home/alpha/DEV/Robot_Arm/build/uf_ros_lib/build/lib/uf_ros_lib/substitutions
[1.033s] copying uf_ros_lib/substitutions/planning_pipelines.py -> /home/alpha/DEV/Robot_Arm/build/uf_ros_lib/build/lib/uf_ros_lib/substitutions
[1.033s] copying uf_ros_lib/substitutions/__init__.py -> /home/alpha/DEV/Robot_Arm/build/uf_ros_lib/build/lib/uf_ros_lib/substitutions
[1.033s] running install
[1.037s] running install_lib
[1.056s] creating /home/alpha/DEV/Robot_Arm/install/uf_ros_lib/lib/python3.12/site-packages/uf_ros_lib
[1.056s] copying /home/alpha/DEV/Robot_Arm/build/uf_ros_lib/build/lib/uf_ros_lib/moveit_configs_builder.py -> /home/alpha/DEV/Robot_Arm/install/uf_ros_lib/lib/python3.12/site-packages/uf_ros_lib
[1.056s] copying /home/alpha/DEV/Robot_Arm/build/uf_ros_lib/build/lib/uf_ros_lib/parameter_descriptions.py -> /home/alpha/DEV/Robot_Arm/install/uf_ros_lib/lib/python3.12/site-packages/uf_ros_lib
[1.056s] copying /home/alpha/DEV/Robot_Arm/build/uf_ros_lib/build/lib/uf_ros_lib/uf_robot_utils.py -> /home/alpha/DEV/Robot_Arm/install/uf_ros_lib/lib/python3.12/site-packages/uf_ros_lib
[1.056s] creating /home/alpha/DEV/Robot_Arm/install/uf_ros_lib/lib/python3.12/site-packages/uf_ros_lib/substitutions
[1.056s] copying /home/alpha/DEV/Robot_Arm/build/uf_ros_lib/build/lib/uf_ros_lib/substitutions/controllers.py -> /home/alpha/DEV/Robot_Arm/install/uf_ros_lib/lib/python3.12/site-packages/uf_ros_lib/substitutions
[1.056s] copying /home/alpha/DEV/Robot_Arm/build/uf_ros_lib/build/lib/uf_ros_lib/substitutions/common.py -> /home/alpha/DEV/Robot_Arm/install/uf_ros_lib/lib/python3.12/site-packages/uf_ros_lib/substitutions
[1.056s] copying /home/alpha/DEV/Robot_Arm/build/uf_ros_lib/build/lib/uf_ros_lib/substitutions/kinematics.py -> /home/alpha/DEV/Robot_Arm/install/uf_ros_lib/lib/python3.12/site-packages/uf_ros_lib/substitutions
[1.056s] copying /home/alpha/DEV/Robot_Arm/build/uf_ros_lib/build/lib/uf_ros_lib/substitutions/joint_limits.py -> /home/alpha/DEV/Robot_Arm/install/uf_ros_lib/lib/python3.12/site-packages/uf_ros_lib/substitutions
[1.056s] copying /home/alpha/DEV/Robot_Arm/build/uf_ros_lib/build/lib/uf_ros_lib/substitutions/planning_pipelines.py -> /home/alpha/DEV/Robot_Arm/install/uf_ros_lib/lib/python3.12/site-packages/uf_ros_lib/substitutions
[1.056s] copying /home/alpha/DEV/Robot_Arm/build/uf_ros_lib/build/lib/uf_ros_lib/substitutions/__init__.py -> /home/alpha/DEV/Robot_Arm/install/uf_ros_lib/lib/python3.12/site-packages/uf_ros_lib/substitutions
[1.056s] copying /home/alpha/DEV/Robot_Arm/build/uf_ros_lib/build/lib/uf_ros_lib/__init__.py -> /home/alpha/DEV/Robot_Arm/install/uf_ros_lib/lib/python3.12/site-packages/uf_ros_lib
[1.056s] byte-compiling /home/alpha/DEV/Robot_Arm/install/uf_ros_lib/lib/python3.12/site-packages/uf_ros_lib/moveit_configs_builder.py to moveit_configs_builder.cpython-312.pyc
[1.065s] byte-compiling /home/alpha/DEV/Robot_Arm/install/uf_ros_lib/lib/python3.12/site-packages/uf_ros_lib/parameter_descriptions.py to parameter_descriptions.cpython-312.pyc
[1.065s] byte-compiling /home/alpha/DEV/Robot_Arm/install/uf_ros_lib/lib/python3.12/site-packages/uf_ros_lib/uf_robot_utils.py to uf_robot_utils.cpython-312.pyc
[1.067s] byte-compiling /home/alpha/DEV/Robot_Arm/install/uf_ros_lib/lib/python3.12/site-packages/uf_ros_lib/substitutions/controllers.py to controllers.cpython-312.pyc
[1.069s] byte-compiling /home/alpha/DEV/Robot_Arm/install/uf_ros_lib/lib/python3.12/site-packages/uf_ros_lib/substitutions/common.py to common.cpython-312.pyc
[1.069s] byte-compiling /home/alpha/DEV/Robot_Arm/install/uf_ros_lib/lib/python3.12/site-packages/uf_ros_lib/substitutions/kinematics.py to kinematics.cpython-312.pyc
[1.070s] byte-compiling /home/alpha/DEV/Robot_Arm/install/uf_ros_lib/lib/python3.12/site-packages/uf_ros_lib/substitutions/joint_limits.py to joint_limits.cpython-312.pyc
[1.071s] byte-compiling /home/alpha/DEV/Robot_Arm/install/uf_ros_lib/lib/python3.12/site-packages/uf_ros_lib/substitutions/planning_pipelines.py to planning_pipelines.cpython-312.pyc
[1.073s] byte-compiling /home/alpha/DEV/Robot_Arm/install/uf_ros_lib/lib/python3.12/site-packages/uf_ros_lib/substitutions/__init__.py to __init__.cpython-312.pyc
[1.073s] byte-compiling /home/alpha/DEV/Robot_Arm/install/uf_ros_lib/lib/python3.12/site-packages/uf_ros_lib/__init__.py to __init__.cpython-312.pyc
[1.073s] running install_data
[1.073s] creating /home/alpha/DEV/Robot_Arm/install/uf_ros_lib/share/ament_index/resource_index/packages
[1.073s] copying resource/uf_ros_lib -> /home/alpha/DEV/Robot_Arm/install/uf_ros_lib/share/ament_index/resource_index/packages
[1.073s] copying package.xml -> /home/alpha/DEV/Robot_Arm/install/uf_ros_lib/share/uf_ros_lib
[1.073s] running install_egg_info
[1.092s] Copying ../../build/uf_ros_lib/uf_ros_lib.egg-info to /home/alpha/DEV/Robot_Arm/install/uf_ros_lib/lib/python3.12/site-packages/uf_ros_lib-0.0.0-py3.12.egg-info
[1.092s] running install_scripts
[1.181s] writing list of installed files to '/home/alpha/DEV/Robot_Arm/build/uf_ros_lib/install.log'
[1.199s] Invoked command in '/home/alpha/DEV/Robot_Arm/src/uf_ros_lib' returned '0': DEBUGINFOD_URLS=https://debuginfod.ubuntu.com PYTHONPATH=/home/alpha/DEV/Robot_Arm/build/uf_ros_lib/prefix_override:/usr/lib/python3/dist-packages/colcon_core/task/python/colcon_distutils_commands:/home/alpha/DEV/Robot_Arm/install/uf_ros_lib/lib/python3.12/site-packages:${PYTHONPATH} /usr/bin/python3 -W ignore:setup.py install is deprecated -W ignore:easy_install command is deprecated setup.py egg_info --egg-base ../../build/uf_ros_lib build --build-base /home/alpha/DEV/Robot_Arm/build/uf_ros_lib/build install --record /home/alpha/DEV/Robot_Arm/build/uf_ros_lib/install.log --install-scripts $base/lib/uf_ros_lib --single-version-externally-managed install_data
